Archive member included to satisfy reference by file (symbol)

c:/intelfpga/18.1/nios2eds/bin/gnu/h-x86_64-mingw32/bin/../lib/gcc/nios2-elf/5.3.0/mno-hw-mul\libgcc.a(lib2-divmod.o)
                              obj/default/main.o (__divsi3)
c:/intelfpga/18.1/nios2eds/bin/gnu/h-x86_64-mingw32/bin/../lib/gcc/nios2-elf/5.3.0/mno-hw-mul\libgcc.a(muldf3.o)
                              obj/default/main.o (__muldf3)
c:/intelfpga/18.1/nios2eds/bin/gnu/h-x86_64-mingw32/bin/../lib/gcc/nios2-elf/5.3.0/mno-hw-mul\libgcc.a(fixdfsi.o)
                              obj/default/main.o (__fixdfsi)
c:/intelfpga/18.1/nios2eds/bin/gnu/h-x86_64-mingw32/bin/../lib/gcc/nios2-elf/5.3.0/mno-hw-mul\libgcc.a(floatsidf.o)
                              obj/default/main.o (__floatsidf)
c:/intelfpga/18.1/nios2eds/bin/gnu/h-x86_64-mingw32/bin/../lib/gcc/nios2-elf/5.3.0/mno-hw-mul\libgcc.a(_clzsi2.o)
                              c:/intelfpga/18.1/nios2eds/bin/gnu/h-x86_64-mingw32/bin/../lib/gcc/nios2-elf/5.3.0/mno-hw-mul\libgcc.a(muldf3.o) (__clzsi2)
c:/intelfpga/18.1/nios2eds/bin/gnu/h-x86_64-mingw32/bin/../lib/gcc/nios2-elf/5.3.0/mno-hw-mul\libgcc.a(lib2-mul.o)
                              c:/intelfpga/18.1/nios2eds/bin/gnu/h-x86_64-mingw32/bin/../lib/gcc/nios2-elf/5.3.0/mno-hw-mul\libgcc.a(muldf3.o) (__mulsi3)
c:/intelfpga/18.1/nios2eds/bin/gnu/h-x86_64-mingw32/bin/../lib/gcc/nios2-elf/5.3.0/mno-hw-mul\libgcc.a(_clz.o)
                              c:/intelfpga/18.1/nios2eds/bin/gnu/h-x86_64-mingw32/bin/../lib/gcc/nios2-elf/5.3.0/mno-hw-mul\libgcc.a(_clzsi2.o) (__clz_tab)
C:/Users/mulahmer/Desktop/project_mustapha/software/bsp\libhal_bsp.a(alt_irq_register.o)
                              obj/default/main.o (alt_irq_register)
C:/Users/mulahmer/Desktop/project_mustapha/software/bsp\libhal_bsp.a(alt_irq_vars.o)
                              C:/Users/mulahmer/Desktop/project_mustapha/software/bsp\libhal_bsp.a(alt_irq_register.o) (alt_irq_active)
C:/Users/mulahmer/Desktop/project_mustapha/software/bsp\libhal_bsp.a(alt_load.o)
                              C:/Users/mulahmer/Desktop/project_mustapha/software/bsp/obj/HAL/src/crt0.o (alt_load)
C:/Users/mulahmer/Desktop/project_mustapha/software/bsp\libhal_bsp.a(alt_main.o)
                              C:/Users/mulahmer/Desktop/project_mustapha/software/bsp/obj/HAL/src/crt0.o (alt_main)
C:/Users/mulahmer/Desktop/project_mustapha/software/bsp\libhal_bsp.a(alt_printf.o)
                              obj/default/main.o (alt_printf)
C:/Users/mulahmer/Desktop/project_mustapha/software/bsp\libhal_bsp.a(alt_putchar.o)
                              C:/Users/mulahmer/Desktop/project_mustapha/software/bsp\libhal_bsp.a(alt_printf.o) (alt_putchar)
C:/Users/mulahmer/Desktop/project_mustapha/software/bsp\libhal_bsp.a(alt_usleep.o)
                              obj/default/main.o (usleep)
C:/Users/mulahmer/Desktop/project_mustapha/software/bsp\libhal_bsp.a(alt_sys_init.o)
                              C:/Users/mulahmer/Desktop/project_mustapha/software/bsp\libhal_bsp.a(alt_main.o) (alt_irq_init)
C:/Users/mulahmer/Desktop/project_mustapha/software/bsp\libhal_bsp.a(altera_avalon_jtag_uart_fd.o)
                              C:/Users/mulahmer/Desktop/project_mustapha/software/bsp\libhal_bsp.a(alt_sys_init.o) (altera_avalon_jtag_uart_read_fd)
C:/Users/mulahmer/Desktop/project_mustapha/software/bsp\libhal_bsp.a(altera_avalon_jtag_uart_init.o)
                              C:/Users/mulahmer/Desktop/project_mustapha/software/bsp\libhal_bsp.a(alt_sys_init.o) (altera_avalon_jtag_uart_init)
C:/Users/mulahmer/Desktop/project_mustapha/software/bsp\libhal_bsp.a(altera_avalon_jtag_uart_ioctl.o)
                              C:/Users/mulahmer/Desktop/project_mustapha/software/bsp\libhal_bsp.a(altera_avalon_jtag_uart_fd.o) (altera_avalon_jtag_uart_ioctl)
C:/Users/mulahmer/Desktop/project_mustapha/software/bsp\libhal_bsp.a(altera_avalon_jtag_uart_read.o)
                              C:/Users/mulahmer/Desktop/project_mustapha/software/bsp\libhal_bsp.a(altera_avalon_jtag_uart_fd.o) (altera_avalon_jtag_uart_read)
C:/Users/mulahmer/Desktop/project_mustapha/software/bsp\libhal_bsp.a(altera_avalon_jtag_uart_write.o)
                              C:/Users/mulahmer/Desktop/project_mustapha/software/bsp\libhal_bsp.a(altera_avalon_jtag_uart_fd.o) (altera_avalon_jtag_uart_write)
C:/Users/mulahmer/Desktop/project_mustapha/software/bsp\libhal_bsp.a(altera_avalon_timer_sc.o)
                              C:/Users/mulahmer/Desktop/project_mustapha/software/bsp\libhal_bsp.a(alt_sys_init.o) (alt_avalon_timer_sc_init)
C:/Users/mulahmer/Desktop/project_mustapha/software/bsp\libhal_bsp.a(opencores_i2c.o)
                              obj/default/main.o (I2C_init)
C:/Users/mulahmer/Desktop/project_mustapha/software/bsp\libhal_bsp.a(alt_alarm_start.o)
[...]
Memory Configuration

Name             Origin             Length             Attributes
reset            0x0000000000010000 0x0000000000000020
RAM0             0x0000000000010020 0x0000000000009fe0
*default*        0x0000000000000000 0xffffffffffffffff

Linker script and memory map

LOAD C:/Users/mulahmer/Desktop/project_mustapha/software/bsp/obj/HAL/src/crt0.o
LOAD obj/default/main.o
LOAD c:/intelfpga/18.1/nios2eds/bin/gnu/h-x86_64-mingw32/bin/../lib/gcc/nios2-elf/5.3.0/../../../../../H-x86_64-mingw32/nios2-elf/lib/mno-hw-mul\libstdc++.a
LOAD c:/intelfpga/18.1/nios2eds/bin/gnu/h-x86_64-mingw32/bin/../lib/gcc/nios2-elf/5.3.0/../../../../../H-x86_64-mingw32/nios2-elf/lib/mno-hw-mul\libm.a
LOAD c:/intelfpga/18.1/nios2eds/bin/gnu/h-x86_64-mingw32/bin/../lib/gcc/nios2-elf/5.3.0/mno-hw-mul\libgcc.a
START GROUP
LOAD c:/intelfpga/18.1/nios2eds/bin/gnu/h-x86_64-mingw32/bin/../lib/gcc/nios2-elf/5.3.0/../../../../../H-x86_64-mingw32/nios2-elf/lib/mno-hw-mul\libc.a
LOAD c:/intelfpga/18.1/nios2eds/bin/gnu/h-x86_64-mingw32/bin/../lib/gcc/nios2-elf/5.3.0/mno-hw-mul\libgcc.a
LOAD C:/Users/mulahmer/Desktop/project_mustapha/software/bsp\libhal_bsp.a
LOAD c:/intelfpga/18.1/nios2eds/bin/gnu/h-x86_64-mingw32/bin/../lib/gcc/nios2-elf/5.3.0/../../../../../H-x86_64-mingw32/nios2-elf/lib/mno-hw-mul\libm.a
END GROUP
LOAD c:/intelfpga/18.1/nios2eds/bin/gnu/h-x86_64-mingw32/bin/../lib/gcc/nios2-elf/5.3.0/mno-hw-mul\libgcc.a
                0x0000000000010000                __alt_mem_RAM0 = 0x10000

.entry          0x0000000000010000       0x20
 *(.entry)
 .entry         0x0000000000010000       0x20 C:/Users/mulahmer/Desktop/project_mustapha/software/bsp/obj/HAL/src/crt0.o
                0x0000000000010000                __reset

.exceptions     0x0000000000010020      0x214
                0x0000000000010020                PROVIDE (__ram_exceptions_start, ABSOLUTE (.))
                0x0000000000010020                . = ALIGN (0x20)
 *(.irq)
 *(.exceptions.entry.label)
 .exceptions.entry.label
                0x0000000000010020        0x0 C:/Users/mulahmer/Desktop/project_mustapha/software/bsp\libhal_bsp.a(alt_irq_entry.o)
                0x0000000000010020                alt_irq_entry
 .exceptions.entry.label
                0x0000000000010020        0x0 C:/Users/mulahmer/Desktop/project_mustapha/software/bsp\libhal_bsp.a(alt_exception_entry.o)
                0x0000000000010020                alt_exception
 *(.exceptions.entry.user)
 *(.exceptions.entry.ecc_fatal)
 *(.exceptions.entry)
 .exceptions.entry
                0x0000000000010020       0x54 C:/Users/mulahmer/Desktop/project_mustapha/software/bsp\libhal_bsp.a(alt_exception_entry.o)
 *(.exceptions.irqtest.user)
 *(.exceptions.irqtest)
 .exceptions.irqtest
                0x0000000000010074       0x10 C:/Users/mulahmer/Desktop/project_mustapha/software/bsp\libhal_bsp.a(alt_irq_entry.o)
 *(.exceptions.irqhandler.user)
 *(.exceptions.irqhandler)
 .exceptions.irqhandler
                0x0000000000010084        0x4 C:/Users/mulahmer/Desktop/project_mustapha/software/bsp\libhal_bsp.a(alt_irq_entry.o)
 *(.exceptions.irqreturn.user)
 *(.exceptions.irqreturn)
 .exceptions.irqreturn
                0x0000000000010088        0x4 C:/Users/mulahmer/Desktop/project_mustapha/software/bsp\libhal_bsp.a(alt_irq_entry.o)
 *(.exceptions.notirq.label)
 .exceptions.notirq.label
                0x000000000001008c        0x0 C:/Users/mulahmer/Desktop/project_mustapha/software/bsp\libhal_bsp.a(alt_irq_entry.o)
 *(.exceptions.notirq.user)
 *(.exceptions.notirq)
 .exceptions.notirq
                0x000000000001008c        0x8 C:/Users/mulahmer/Desktop/project_mustapha/software/bsp\libhal_bsp.a(alt_exception_entry.o)
 *(.exceptions.soft.user)
 *(.exceptions.soft)
 *(.exceptions.unknown.user)
 *(.exceptions.unknown)
 .exceptions.unknown
                0x0000000000010094       0x14 C:/Users/mulahmer/Desktop/project_mustapha/software/bsp\libhal_bsp.a(alt_exception_entry.o)
 *(.exceptions.exit.label)
 .exceptions.exit.label
                0x00000000000100a8        0x0 C:/Users/mulahmer/Desktop/project_mustapha/software/bsp\libhal_bsp.a(alt_irq_entry.o)
 .exceptions.exit.label
                0x00000000000100a8        0x0 C:/Users/mulahmer/Desktop/project_mustapha/software/bsp\libhal_bsp.a(alt_exception_entry.o)
 *(.exceptions.exit.user)
 *(.exceptions.exit)
 .exceptions.exit
                0x00000000000100a8       0x54 C:/Users/mulahmer/Desktop/project_mustapha/software/bsp\libhal_bsp.a(alt_exception_entry.o)
 *(.exceptions)
 .exceptions    0x00000000000100fc       0xd8 C:/Users/mulahmer/Desktop/project_mustapha/software/bsp\libhal_bsp.a(alt_irq_handler.o)
                0x00000000000100fc                alt_irq_handler
 .exceptions    0x00000000000101d4       0x60 C:/Users/mulahmer/Desktop/project_mustapha/software/bsp\libhal_bsp.a(alt_instruction_exception_entry.o)
                0x00000000000101d4                alt_instruction_exception_entry
                0x0000000000010234                PROVIDE (__ram_exceptions_end, ABSOLUTE (.))
                0x0000000000010020                PROVIDE (__flash_exceptions_start, LOADADDR (.exceptions))

.text           0x0000000000010234     0x6280
                [!provide]                        PROVIDE (stext, ABSOLUTE (.))
 *(.interp)
 *(.hash)
 *(.dynsym)
 *(.dynstr)
 *(.gnu.version)
 *(.gnu.version_d)
 *(.gnu.version_r)
 *(.rel.init)
 *(.rela.init)
 *(.rel.text .rel.text.* .rel.gnu.linkonce.t.*)
 *(.rela.text .rela.text.* .rela.gnu.linkonce.t.*)
 *(.rel.fini)
 *(.rela.fini)
 *(.rel.rodata .rel.rodata.* .rel.gnu.linkonce.r.*)
 *(.rela.rodata .rela.rodata.* .rela.gnu.linkonce.r.*)
 *(.rel.data .rel.data.* .rel.gnu.linkonce.d.*)
 *(.rela.data .rela.data.* .rela.gnu.linkonce.d.*)
 *(.rel.tdata .rel.tdata.* .rel.gnu.linkonce.td.*)
 *(.rela.tdata .rela.tdata.* .rela.gnu.linkonce.td.*)
 *(.rel.tbss .rel.tbss.* .rel.gnu.linkonce.tb.*)
 *(.rela.tbss .rela.tbss.* .rela.gnu.linkonce.tb.*)
 *(.rel.ctors)
 *(.rela.ctors)
 *(.rel.dtors)
 *(.rela.dtors)
 *(.rel.got)
 *(.rela.got)
 *(.rel.sdata .rel.sdata.* .rel.gnu.linkonce.s.*)
 *(.rela.sdata .rela.sdata.* .rela.gnu.linkonce.s.*)
 *(.rel.sbss .rel.sbss.* .rel.gnu.linkonce.sb.*)
 *(.rela.sbss .rela.sbss.* .rela.gnu.linkonce.sb.*)
 *(.rel.sdata2 .rel.sdata2.* .rel.gnu.linkonce.s2.*)
 *(.rela.sdata2 .rela.sdata2.* .rela.gnu.linkonce.s2.*)
 *(.rel.sbss2 .rel.sbss2.* .rel.gnu.linkonce.sb2.*)
 *(.rela.sbss2 .rela.sbss2.* .rela.gnu.linkonce.sb2.*)
 *(.rel.bss .rel.bss.* .rel.gnu.linkonce.b.*)
 *(.rela.bss .rela.bss.* .rela.gnu.linkonce.b.*)
 *(.rel.plt)
 *(.rela.plt)
 *(.rel.dyn)
 *(.init)
 *(.plt)
 *(.text .stub .text.* .gnu.linkonce.t.*)
 .text          0x0000000000010234       0x3c C:/Users/mulahmer/Desktop/project_mustapha/software/bsp/obj/HAL/src/crt0.o
                0x0000000000010234                _start
 .text          0x0000000000010270      0x7ac obj/default/main.o
                0x0000000000010270                I2C_READ
                0x00000000000102fc                I2C_Write
                0x000000000001037c                calibration_ADXL345
                0x0000000000010404                int_to_seg
                0x0000000000010554                affichage_XYZ
                0x0000000000010628                UART_affichage
                0x000000000001071c                init_ADXL345
                0x00000000000108fc                init_key_interrupt
                0x00000000000109bc                init_timer_interrupt
                0x00000000000109f8                main
 .text          0x0000000000010a1c      0x1b4 c:/intelfpga/18.1/nios2eds/bin/gnu/h-x86_64-mingw32/bin/../lib/gcc/nios2-elf/5.3.0/mno-hw-mul\libgcc.a(lib2-divmod.o)
                0x0000000000010a1c                __divsi3
                0x0000000000010aa0                __modsi3
                0x0000000000010b14                __udivsi3
                0x0000000000010b78                __umodsi3
 .text          0x0000000000010bd0      0x86c c:/intelfpga/18.1/nios2eds/bin/gnu/h-x86_64-mingw32/bin/../lib/gcc/nios2-elf/5.3.0/mno-hw-mul\libgcc.a(muldf3.o)
                0x0000000000010bd0                __muldf3
 .text          0x000000000001143c       0x80 c:/intelfpga/18.1/nios2eds/bin/gnu/h-x86_64-mingw32/bin/../lib/gcc/nios2-elf/5.3.0/mno-hw-mul\libgcc.a(fixdfsi.o)
                0x000000000001143c                __fixdfsi
 .text          0x00000000000114bc       0xdc c:/intelfpga/18.1/nios2eds/bin/gnu/h-x86_64-mingw32/bin/../lib/gcc/nios2-elf/5.3.0/mno-hw-mul\libgcc.a(floatsidf.o)
                0x00000000000114bc                __floatsidf
 .text          0x0000000000011598       0x64 c:/intelfpga/18.1/nios2eds/bin/gnu/h-x86_64-mingw32/bin/../lib/gcc/nios2-elf/5.3.0/mno-hw-mul\libgcc.a(_clzsi2.o)
                0x0000000000011598                __clzsi2
 .text          0x00000000000115fc       0x28 c:/intelfpga/18.1/nios2eds/bin/gnu/h-x86_64-mingw32/bin/../lib/gcc/nios2-elf/5.3.0/mno-hw-mul\libgcc.a(lib2-mul.o)
                0x00000000000115fc                __mulsi3
 .text          0x0000000000011624        0x0 c:/intelfpga/18.1/nios2eds/bin/gnu/h-x86_64-mingw32/bin/../lib/gcc/nios2-elf/5.3.0/mno-hw-mul\libgcc.a(_clz.o)
 .text          0x0000000000011624      0x180 C:/Users/mulahmer/Desktop/project_mustapha/software/bsp\libhal_bsp.a(alt_irq_register.o)
                0x0000000000011624                alt_irq_register
 .text          0x00000000000117a4        0x0 C:/Users/mulahmer/Desktop/project_mustapha/software/bsp\libhal_bsp.a(alt_irq_vars.o)
 .text          0x00000000000117a4       0xec C:/Users/mulahmer/Desktop/project_mustapha/software/bsp\libhal_bsp.a(alt_load.o)
                0x000000000001180c                alt_load
 .text          0x0000000000011890       0x7c C:/Users/mulahmer/Desktop/project_mustapha/software/bsp\libhal_bsp.a(alt_main.o)
                0x0000000000011890                alt_main
 .text          0x000000000001190c      0x22c C:/Users/mulahmer/Desktop/project_mustapha/software/bsp\libhal_bsp.a(alt_printf.o)
                0x000000000001190c                alt_printf
 .text          0x0000000000011b38       0x3c C:/Users/mulahmer/Desktop/project_mustapha/software/bsp\libhal_bsp.a(alt_putchar.o)
                0x0000000000011b38                alt_putchar
 .text          0x0000000000011b74       0x30 C:/Users/mulahmer/Desktop/project_mustapha/software/bsp\libhal_bsp.a(alt_usleep.o)
                0x0000000000011b74                usleep
 .text          0x0000000000011ba4       0xcc C:/Users/mulahmer/Desktop/project_mustapha/software/bsp\libhal_bsp.a(alt_sys_init.o)
                0x0000000000011bd8                alt_irq_init
                0x0000000000011c10                alt_sys_init
 .text          0x0000000000011c70      0x164 C:/Users/mulahmer/Desktop/project_mustapha/software/bsp\libhal_bsp.a(altera_avalon_jtag_uart_fd.o)
                0x0000000000011c70                altera_avalon_jtag_uart_read_fd
                0x0000000000011cd0                altera_avalon_jtag_uart_write_fd
                0x0000000000011d30                altera_avalon_jtag_uart_close_fd
                0x0000000000011d80                altera_avalon_jtag_uart_ioctl_fd
 .text          0x0000000000011dd4      0x3cc C:/Users/mulahmer/Desktop/project_mustapha/software/bsp\libhal_bsp.a(altera_avalon_jtag_uart_init.o)
                0x0000000000011dd4                altera_avalon_jtag_uart_init
                0x0000000000012138                altera_avalon_jtag_uart_close
 .text          0x00000000000121a0       0xf0 C:/Users/mulahmer/Desktop/project_mustapha/software/bsp\libhal_bsp.a(altera_avalon_jtag_uart_ioctl.o)
                0x00000000000121a0                altera_avalon_jtag_uart_ioctl
 .text          0x0000000000012290      0x21c C:/Users/mulahmer/Desktop/project_mustapha/software/bsp\libhal_bsp.a(altera_avalon_jtag_uart_read.o)
                0x0000000000012290                altera_avalon_jtag_uart_read
 .text          0x00000000000124ac      0x224 C:/Users/mulahmer/Desktop/project_mustapha/software/bsp\libhal_bsp.a(altera_avalon_jtag_uart_write.o)
                0x00000000000124ac                altera_avalon_jtag_uart_write
 .text          0x00000000000126d0       0xf0 C:/Users/mulahmer/Desktop/project_mustapha/software/bsp\libhal_bsp.a(altera_avalon_timer_sc.o)
                0x000000000001274c                alt_avalon_timer_sc_init
 .text          0x00000000000127c0      0x27c C:/Users/mulahmer/Desktop/project_mustapha/software/bsp\libhal_bsp.a(opencores_i2c.o)
                0x00000000000127c0                I2C_init
                0x0000000000012878                I2C_start
                0x0000000000012914                I2C_read
                0x0000000000012990                I2C_write
 .text          0x0000000000012a3c      0x12c C:/Users/mulahmer/Desktop/project_mustapha/software/bsp\libhal_bsp.a(alt_alarm_start.o)
                0x0000000000012a3c                alt_alarm_start
 .text          0x0000000000012b68      0x158 C:/Users/mulahmer/Desktop/project_mustapha/software/bsp\libhal_bsp.a(alt_busy_sleep.o)
                0x0000000000012b68                alt_busy_sleep
 .text          0x0000000000012cc0      0x114 C:/Users/mulahmer/Desktop/project_mustapha/software/bsp\libhal_bsp.a(alt_close.o)
                0x0000000000012cfc                close
 .text          0x0000000000012dd4       0x20 C:/Users/mulahmer/Desktop/project_mustapha/software/bsp\libhal_bsp.a(alt_dcache_flush_all.o)
                0x0000000000012dd4                alt_dcache_flush_all
 .text          0x0000000000012df4       0x2c C:/Users/mulahmer/Desktop/project_mustapha/software/bsp\libhal_bsp.a(alt_dev.o)
 .text          0x0000000000012e20       0xe0 C:/Users/mulahmer/Desktop/project_mustapha/software/bsp\libhal_bsp.a(alt_dev_llist_insert.o)
                0x0000000000012e5c                alt_dev_llist_insert
 .text          0x0000000000012f00       0x60 C:/Users/mulahmer/Desktop/project_mustapha/software/bsp\libhal_bsp.a(alt_do_ctors.o)
                0x0000000000012f00                _do_ctors
 .text          0x0000000000012f60       0x60 C:/Users/mulahmer/Desktop/project_mustapha/software/bsp\libhal_bsp.a(alt_do_dtors.o)
                0x0000000000012f60                _do_dtors
 .text          0x0000000000012fc0        0x0 C:/Users/mulahmer/Desktop/project_mustapha/software/bsp\libhal_bsp.a(alt_errno.o)
 .text          0x0000000000012fc0       0x20 C:/Users/mulahmer/Desktop/project_mustapha/software/bsp\libhal_bsp.a(alt_icache_flush_all.o)
                0x0000000000012fc0                alt_icache_flush_all
 .text          0x0000000000012fe0      0x160 C:/Users/mulahmer/Desktop/project_mustapha/software/bsp\libhal_bsp.a(alt_io_redirect.o)
                0x00000000000130c4                alt_io_redirect
 .text          0x0000000000013140        0x0 C:/Users/mulahmer/Desktop/project_mustapha/software/bsp\libhal_bsp.a(alt_irq_entry.o)
 .text          0x0000000000013140        0x0 C:/Users/mulahmer/Desktop/project_mustapha/software/bsp\libhal_bsp.a(alt_irq_handler.o)
 .text          0x0000000000013140      0x284 C:/Users/mulahmer/Desktop/project_mustapha/software/bsp\libhal_bsp.a(alt_open.o)
                0x0000000000013268                open
 .text          0x00000000000133c4       0x84 C:/Users/mulahmer/Desktop/project_mustapha/software/bsp\libhal_bsp.a(alt_release_fd.o)
                0x00000000000133c4                alt_release_fd
 .text          0x0000000000013448      0x1a4 C:/Users/mulahmer/Desktop/project_mustapha/software/bsp\libhal_bsp.a(alt_tick.o)
                0x0000000000013448                alt_alarm_stop
                0x00000000000134e4                alt_tick
 .text          0x00000000000135ec       0x24 C:/Users/mulahmer/Desktop/project_mustapha/software/bsp\libhal_bsp.a(altera_nios2_gen2_irq.o)
                0x00000000000135ec                altera_nios2_gen2_irq_init
 .text          0x0000000000013610        0x0 C:/Users/mulahmer/Desktop/project_mustapha/software/bsp\libhal_bsp.a(alt_exception_entry.o)
 .text          0x0000000000013610       0x90 C:/Users/mulahmer/Desktop/project_mustapha/software/bsp\libhal_bsp.a(alt_find_dev.o)
                0x0000000000013610                alt_find_dev
 .text          0x00000000000136a0      0x108 C:/Users/mulahmer/Desktop/project_mustapha/software/bsp\libhal_bsp.a(alt_find_file.o)
                0x00000000000136a0                alt_find_file
 .text          0x00000000000137a8       0xc4 C:/Users/mulahmer/Desktop/project_mustapha/software/bsp\libhal_bsp.a(alt_get_fd.o)
                0x00000000000137a8                alt_get_fd
 .text          0x000000000001386c       0x9c C:/Users/mulahmer/Desktop/project_mustapha/software/bsp\libhal_bsp.a(alt_instruction_exception_entry.o)
                0x000000000001386c                alt_exception_cause_generated_bad_addr
 .text          0x0000000000013908        0x0 c:/intelfpga/18.1/nios2eds/bin/gnu/h-x86_64-mingw32/bin/../lib/gcc/nios2-elf/5.3.0/../../../../../H-x86_64-mingw32/nios2-elf/lib/mno-hw-mul\libc.a(lib_a-atexit.o)
 .text.atexit   0x0000000000013908       0x14 c:/intelfpga/18.1/nios2eds/bin/gnu/h-x86_64-mingw32/bin/../lib/gcc/nios2-elf/5.3.0/../../../../../H-x86_64-mingw32/nios2-elf/lib/mno-hw-mul\libc.a(lib_a-atexit.o)
                0x0000000000013908                atexit
 .text          0x000000000001391c        0x0 c:/intelfpga/18.1/nios2eds/bin/gnu/h-x86_64-mingw32/bin/../lib/gcc/nios2-elf/5.3.0/../../../../../H-x86_64-mingw32/nios2-elf/lib/mno-hw-mul\libc.a(lib_a-exit.o)
 .text.exit     0x000000000001391c       0x38 c:/intelfpga/18.1/nios2eds/bin/gnu/h-x86_64-mingw32/bin/../lib/gcc/nios2-elf/5.3.0/../../../../../H-x86_64-mingw32/nios2-elf/lib/mno-hw-mul\libc.a(lib_a-exit.o)
                0x000000000001391c                exit
 .text          0x0000000000013954        0x0 c:/intelfpga/18.1/nios2eds/bin/gnu/h-x86_64-mingw32/bin/../lib/gcc/nios2-elf/5.3.0/../../../../../H-x86_64-mingw32/nios2-elf/lib/mno-hw-mul\libc.a(lib_a-impure.o)
 .text          0x0000000000013954        0x0 c:/intelfpga/18.1/nios2eds/bin/gnu/h-x86_64-mingw32/bin/../lib/gcc/nios2-elf/5.3.0/../../../../../H-x86_64-mingw32/nios2-elf/lib/mno-hw-mul\libc.a(lib_a-int_errno.o)
 .text          0x0000000000013954        0x0 c:/intelfpga/18.1/nios2eds/bin/gnu/h-x86_64-mingw32/bin/../lib/gcc/nios2-elf/5.3.0/../../../../../H-x86_64-mingw32/nios2-elf/lib/mno-hw-mul\libc.a(lib_a-memcmp.o)
 .text.memcmp   0x0000000000013954       0x7c c:/intelfpga/18.1/nios2eds/bin/gnu/h-x86_64-mingw32/bin/../lib/gcc/nios2-elf/5.3.0/../../../../../H-x86_64-mingw32/nios2-elf/lib/mno-hw-mul\libc.a(lib_a-memcmp.o)
                0x0000000000013954                memcmp
 .text          0x00000000000139d0        0x0 c:/intelfpga/18.1/nios2eds/bin/gnu/h-x86_64-mingw32/bin/../lib/gcc/nios2-elf/5.3.0/../../../../../H-x86_64-mingw32/nios2-elf/lib/mno-hw-mul\libc.a(lib_a-memcpy.o)
 .text.memcpy   0x00000000000139d0      0x148 c:/intelfpga/18.1/nios2eds/bin/gnu/h-x86_64-mingw32/bin/../lib/gcc/nios2-elf/5.3.0/../../../../../H-x86_64-mingw32/nios2-elf/lib/mno-hw-mul\libc.a(lib_a-memcpy.o)
                0x00000000000139d0                memcpy
 .text          0x0000000000013b18        0x0 c:/intelfpga/18.1/nios2eds/bin/gnu/h-x86_64-mingw32/bin/../lib/gcc/nios2-elf/5.3.0/../../../../../H-x86_64-mingw32/nios2-elf/lib/mno-hw-mul\libc.a(lib_a-putc.o)
 .text._putc_r  0x0000000000013b18       0xa0 c:/intelfpga/18.1/nios2eds/bin/gnu/h-x86_64-mingw32/bin/../lib/gcc/nios2-elf/5.3.0/../../../../../H-x86_64-mingw32/nios2-elf/lib/mno-hw-mul\libc.a(lib_a-putc.o)
                0x0000000000013b18                _putc_r
 .text.putc     0x0000000000013bb8       0xc8 c:/intelfpga/18.1/nios2eds/bin/gnu/h-x86_64-mingw32/bin/../lib/gcc/nios2-elf/5.3.0/../../../../../H-x86_64-mingw32/nios2-elf/lib/mno-hw-mul\libc.a(lib_a-putc.o)
                0x0000000000013bb8                putc
 .text          0x0000000000013c80        0x0 c:/intelfpga/18.1/nios2eds/bin/gnu/h-x86_64-mingw32/bin/../lib/gcc/nios2-elf/5.3.0/../../../../../H-x86_64-mingw32/nios2-elf/lib/mno-hw-mul\libc.a(lib_a-strlen.o)
 .text.strlen   0x0000000000013c80       0x98 c:/intelfpga/18.1/nios2eds/bin/gnu/h-x86_64-mingw32/bin/../lib/gcc/nios2-elf/5.3.0/../../../../../H-x86_64-mingw32/nios2-elf/lib/mno-hw-mul\libc.a(lib_a-strlen.o)
                0x0000000000013c80                strlen
 .text          0x0000000000013d18        0x0 c:/intelfpga/18.1/nios2eds/bin/gnu/h-x86_64-mingw32/bin/../lib/gcc/nios2-elf/5.3.0/../../../../../H-x86_64-mingw32/nios2-elf/lib/mno-hw-mul\libc.a(lib_a-wbuf.o)
 .text.__swbuf_r
                0x0000000000013d18      0x140 c:/intelfpga/18.1/nios2eds/bin/gnu/h-x86_64-mingw32/bin/../lib/gcc/nios2-elf/5.3.0/../../../../../H-x86_64-mingw32/nios2-elf/lib/mno-hw-mul\libc.a(lib_a-wbuf.o)
                0x0000000000013d18                __swbuf_r
 .text.__swbuf  0x0000000000013e58       0x18 c:/intelfpga/18.1/nios2eds/bin/gnu/h-x86_64-mingw32/bin/../lib/gcc/nios2-elf/5.3.0/../../../../../H-x86_64-mingw32/nios2-elf/lib/mno-hw-mul\libc.a(lib_a-wbuf.o)
                0x0000000000013e58                __swbuf
 .text          0x0000000000013e70        0x0 c:/intelfpga/18.1/nios2eds/bin/gnu/h-x86_64-mingw32/bin/../lib/gcc/nios2-elf/5.3.0/../../../../../H-x86_64-mingw32/nios2-elf/lib/mno-hw-mul\libc.a(lib_a-wsetup.o)
 .text.__swsetup_r
                0x0000000000013e70      0x154 c:/intelfpga/18.1/nios2eds/bin/gnu/h-x86_64-mingw32/bin/../lib/gcc/nios2-elf/5.3.0/../../../../../H-x86_64-mingw32/nios2-elf/lib/mno-hw-mul\libc.a(lib_a-wsetup.o)
                0x0000000000013e70                __swsetup_r
 .text          0x0000000000013fc4        0x0 c:/intelfpga/18.1/nios2eds/bin/gnu/h-x86_64-mingw32/bin/../lib/gcc/nios2-elf/5.3.0/../../../../../H-x86_64-mingw32/nios2-elf/lib/mno-hw-mul\libc.a(lib_a-__atexit.o)
 .text.__register_exitproc
                0x0000000000013fc4      0x118 c:/intelfpga/18.1/nios2eds/bin/gnu/h-x86_64-mingw32/bin/../lib/gcc/nios2-elf/5.3.0/../../../../../H-x86_64-mingw32/nios2-elf/lib/mno-hw-mul\libc.a(lib_a-__atexit.o)
                0x0000000000013fc4                __register_exitproc
 .text          0x00000000000140dc        0x0 c:/intelfpga/18.1/nios2eds/bin/gnu/h-x86_64-mingw32/bin/../lib/gcc/nios2-elf/5.3.0/../../../../../H-x86_64-mingw32/nios2-elf/lib/mno-hw-mul\libc.a(lib_a-__call_atexit.o)
 .text.__call_exitprocs
                0x00000000000140dc      0x180 c:/intelfpga/18.1/nios2eds/bin/gnu/h-x86_64-mingw32/bin/../lib/gcc/nios2-elf/5.3.0/../../../../../H-x86_64-mingw32/nios2-elf/lib/mno-hw-mul\libc.a(lib_a-__call_atexit.o)
                0x00000000000140dc                __call_exitprocs
 .text          0x000000000001425c        0x0 c:/intelfpga/18.1/nios2eds/bin/gnu/h-x86_64-mingw32/bin/../lib/gcc/nios2-elf/5.3.0/../../../../../H-x86_64-mingw32/nios2-elf/lib/mno-hw-mul\libc.a(lib_a-fflush.o)
 .text.__sflush_r
                0x000000000001425c      0x21c c:/intelfpga/18.1/nios2eds/bin/gnu/h-x86_64-mingw32/bin/../lib/gcc/nios2-elf/5.3.0/../../../../../H-x86_64-mingw32/nios2-elf/lib/mno-hw-mul\libc.a(lib_a-fflush.o)
                0x000000000001425c                __sflush_r
 .text._fflush_r
                0x0000000000014478       0x5c c:/intelfpga/18.1/nios2eds/bin/gnu/h-x86_64-mingw32/bin/../lib/gcc/nios2-elf/5.3.0/../../../../../H-x86_64-mingw32/nios2-elf/lib/mno-hw-mul\libc.a(lib_a-fflush.o)
                0x0000000000014478                _fflush_r
 .text.fflush   0x00000000000144d4       0x30 c:/intelfpga/18.1/nios2eds/bin/gnu/h-x86_64-mingw32/bin/../lib/gcc/nios2-elf/5.3.0/../../../../../H-x86_64-mingw32/nios2-elf/lib/mno-hw-mul\libc.a(lib_a-fflush.o)
                0x00000000000144d4                fflush
 .text          0x0000000000014504        0x0 c:/intelfpga/18.1/nios2eds/bin/gnu/h-x86_64-mingw32/bin/../lib/gcc/nios2-elf/5.3.0/../../../../../H-x86_64-mingw32/nios2-elf/lib/mno-hw-mul\libc.a(lib_a-findfp.o)
 .text.__fp_unlock
                0x0000000000014504        0x8 c:/intelfpga/18.1/nios2eds/bin/gnu/h-x86_64-mingw32/bin/../lib/gcc/nios2-elf/5.3.0/../../../../../H-x86_64-mingw32/nios2-elf/lib/mno-hw-mul\libc.a(lib_a-findfp.o)
 .text._cleanup_r
                0x000000000001450c        0xc c:/intelfpga/18.1/nios2eds/bin/gnu/h-x86_64-mingw32/bin/../lib/gcc/nios2-elf/5.3.0/../../../../../H-x86_64-mingw32/nios2-elf/lib/mno-hw-mul\libc.a(lib_a-findfp.o)
                0x000000000001450c                _cleanup_r
 .text.__sinit.part.1
                0x0000000000014518      0x19c c:/intelfpga/18.1/nios2eds/bin/gnu/h-x86_64-mingw32/bin/../lib/gcc/nios2-elf/5.3.0/../../../../../H-x86_64-mingw32/nios2-elf/lib/mno-hw-mul\libc.a(lib_a-findfp.o)
 .text.__fp_lock
                0x00000000000146b4        0x8 c:/intelfpga/18.1/nios2eds/bin/gnu/h-x86_64-mingw32/bin/../lib/gcc/nios2-elf/5.3.0/../../../../../H-x86_64-mingw32/nios2-elf/lib/mno-hw-mul\libc.a(lib_a-findfp.o)
 .text.__sfmoreglue
                0x00000000000146bc       0x78 c:/intelfpga/18.1/nios2eds/bin/gnu/h-x86_64-mingw32/bin/../lib/gcc/nios2-elf/5.3.0/../../../../../H-x86_64-mingw32/nios2-elf/lib/mno-hw-mul\libc.a(lib_a-findfp.o)
                0x00000000000146bc                __sfmoreglue
 .text.__sfp    0x0000000000014734      0x118 c:/intelfpga/18.1/nios2eds/bin/gnu/h-x86_64-mingw32/bin/../lib/gcc/nios2-elf/5.3.0/../../../../../H-x86_64-mingw32/nios2-elf/lib/mno-hw-mul\libc.a(lib_a-findfp.o)
                0x0000000000014734                __sfp
 .text._cleanup
                0x000000000001484c       0x18 c:/intelfpga/18.1/nios2eds/bin/gnu/h-x86_64-mingw32/bin/../lib/gcc/nios2-elf/5.3.0/../../../../../H-x86_64-mingw32/nios2-elf/lib/mno-hw-mul\libc.a(lib_a-findfp.o)
                0x000000000001484c                _cleanup
 .text.__sinit  0x0000000000014864       0x10 c:/intelfpga/18.1/nios2eds/bin/gnu/h-x86_64-mingw32/bin/../lib/gcc/nios2-elf/5.3.0/../../../../../H-x86_64-mingw32/nios2-elf/lib/mno-hw-mul\libc.a(lib_a-findfp.o)
                0x0000000000014864                __sinit
 .text.__sfp_lock_acquire
                0x0000000000014874        0x4 c:/intelfpga/18.1/nios2eds/bin/gnu/h-x86_64-mingw32/bin/../lib/gcc/nios2-elf/5.3.0/../../../../../H-x86_64-mingw32/nios2-elf/lib/mno-hw-mul\libc.a(lib_a-findfp.o)
                0x0000000000014874                __sfp_lock_acquire
 .text.__sfp_lock_release
                0x0000000000014878        0x4 c:/intelfpga/18.1/nios2eds/bin/gnu/h-x86_64-mingw32/bin/../lib/gcc/nios2-elf/5.3.0/../../../../../H-x86_64-mingw32/nios2-elf/lib/mno-hw-mul\libc.a(lib_a-findfp.o)
                0x0000000000014878                __sfp_lock_release
 .text.__sinit_lock_acquire
                0x000000000001487c        0x4 c:/intelfpga/18.1/nios2eds/bin/gnu/h-x86_64-mingw32/bin/../lib/gcc/nios2-elf/5.3.0/../../../../../H-x86_64-mingw32/nios2-elf/lib/mno-hw-mul\libc.a(lib_a-findfp.o)
                0x000000000001487c                __sinit_lock_acquire
 .text.__sinit_lock_release
                0x0000000000014880        0x4 c:/intelfpga/18.1/nios2eds/bin/gnu/h-x86_64-mingw32/bin/../lib/gcc/nios2-elf/5.3.0/../../../../../H-x86_64-mingw32/nios2-elf/lib/mno-hw-mul\libc.a(lib_a-findfp.o)
                0x0000000000014880                __sinit_lock_release
 .text.__fp_lock_all
                0x0000000000014884       0x18 c:/intelfpga/18.1/nios2eds/bin/gnu/h-x86_64-mingw32/bin/../lib/gcc/nios2-elf/5.3.0/../../../../../H-x86_64-mingw32/nios2-elf/lib/mno-hw-mul\libc.a(lib_a-findfp.o)
                0x0000000000014884                __fp_lock_all
 .text.__fp_unlock_all
                0x000000000001489c       0x18 c:/intelfpga/18.1/nios2eds/bin/gnu/h-x86_64-mingw32/bin/../lib/gcc/nios2-elf/5.3.0/../../../../../H-x86_64-mingw32/nios2-elf/lib/mno-hw-mul\libc.a(lib_a-findfp.o)
                0x000000000001489c                __fp_unlock_all
 .text          0x00000000000148b4        0x0 c:/intelfpga/18.1/nios2eds/bin/gnu/h-x86_64-mingw32/bin/../lib/gcc/nios2-elf/5.3.0/../../../../../H-x86_64-mingw32/nios2-elf/lib/mno-hw-mul\libc.a(lib_a-freer.o)
 .text._malloc_trim_r
                0x00000000000148b4      0x124 c:/intelfpga/18.1/nios2eds/bin/gnu/h-x86_64-mingw32/bin/../lib/gcc/nios2-elf/5.3.0/../../../../../H-x86_64-mingw32/nios2-elf/lib/mno-hw-mul\libc.a(lib_a-freer.o)
                0x00000000000148b4                _malloc_trim_r
 .text._free_r  0x00000000000149d8      0x310 c:/intelfpga/18.1/nios2eds/bin/gnu/h-x86_64-mingw32/bin/../lib/gcc/nios2-elf/5.3.0/../../../../../H-x86_64-mingw32/nios2-elf/lib/mno-hw-mul\libc.a(lib_a-freer.o)
                0x00000000000149d8                _free_r
 .text          0x0000000000014ce8        0x0 c:/intelfpga/18.1/nios2eds/bin/gnu/h-x86_64-mingw32/bin/../lib/gcc/nios2-elf/5.3.0/../../../../../H-x86_64-mingw32/nios2-elf/lib/mno-hw-mul\libc.a(lib_a-fwalk.o)
 .text._fwalk   0x0000000000014ce8       0xc4 c:/intelfpga/18.1/nios2eds/bin/gnu/h-x86_64-mingw32/bin/../lib/gcc/nios2-elf/5.3.0/../../../../../H-x86_64-mingw32/nios2-elf/lib/mno-hw-mul\libc.a(lib_a-fwalk.o)
                0x0000000000014ce8                _fwalk
 .text._fwalk_reent
                0x0000000000014dac       0xc4 c:/intelfpga/18.1/nios2eds/bin/gnu/h-x86_64-mingw32/bin/../lib/gcc/nios2-elf/5.3.0/../../../../../H-x86_64-mingw32/nios2-elf/lib/mno-hw-mul\libc.a(lib_a-fwalk.o)
                0x0000000000014dac                _fwalk_reent
 .text          0x0000000000014e70        0x0 c:/intelfpga/18.1/nios2eds/bin/gnu/h-x86_64-mingw32/bin/../lib/gcc/nios2-elf/5.3.0/../../../../../H-x86_64-mingw32/nios2-elf/lib/mno-hw-mul\libc.a(lib_a-makebuf.o)
 .text.__smakebuf_r
                0x0000000000014e70      0x1bc c:/intelfpga/18.1/nios2eds/bin/gnu/h-x86_64-mingw32/bin/../lib/gcc/nios2-elf/5.3.0/../../../../../H-x86_64-mingw32/nios2-elf/lib/mno-hw-mul\libc.a(lib_a-makebuf.o)
                0x0000000000014e70                __smakebuf_r
 .text          0x000000000001502c        0x0 c:/intelfpga/18.1/nios2eds/bin/gnu/h-x86_64-mingw32/bin/../lib/gcc/nios2-elf/5.3.0/../../../../../H-x86_64-mingw32/nios2-elf/lib/mno-hw-mul\libc.a(lib_a-mallocr.o)
 .text._malloc_r
                0x000000000001502c      0x80c c:/intelfpga/18.1/nios2eds/bin/gnu/h-x86_64-mingw32/bin/../lib/gcc/nios2-elf/5.3.0/../../../../../H-x86_64-mingw32/nios2-elf/lib/mno-hw-mul\libc.a(lib_a-mallocr.o)
                0x000000000001502c                _malloc_r
 .text          0x0000000000015838        0x0 c:/intelfpga/18.1/nios2eds/bin/gnu/h-x86_64-mingw32/bin/../lib/gcc/nios2-elf/5.3.0/../../../../../H-x86_64-mingw32/nios2-elf/lib/mno-hw-mul\libc.a(lib_a-memset.o)
 .text.memset   0x0000000000015838      0x128 c:/intelfpga/18.1/nios2eds/bin/gnu/h-x86_64-mingw32/bin/../lib/gcc/nios2-elf/5.3.0/../../../../../H-x86_64-mingw32/nios2-elf/lib/mno-hw-mul\libc.a(lib_a-memset.o)
                0x0000000000015838                memset
 .text          0x0000000000015960        0x0 c:/intelfpga/18.1/nios2eds/bin/gnu/h-x86_64-mingw32/bin/../lib/gcc/nios2-elf/5.3.0/../../../../../H-x86_64-mingw32/nios2-elf/lib/mno-hw-mul\libc.a(lib_a-sbrkr.o)
 .text._sbrk_r  0x0000000000015960       0x54 c:/intelfpga/18.1/nios2eds/bin/gnu/h-x86_64-mingw32/bin/../lib/gcc/nios2-elf/5.3.0/../../../../../H-x86_64-mingw32/nios2-elf/lib/mno-hw-mul\libc.a(lib_a-sbrkr.o)
                0x0000000000015960                _sbrk_r
 .text          0x00000000000159b4        0x0 c:/intelfpga/18.1/nios2eds/bin/gnu/h-x86_64-mingw32/bin/../lib/gcc/nios2-elf/5.3.0/../../../../../H-x86_64-mingw32/nios2-elf/lib/mno-hw-mul\libc.a(lib_a-stdio.o)
 .text.__sread  0x00000000000159b4       0x54 c:/intelfpga/18.1/nios2eds/bin/gnu/h-x86_64-mingw32/bin/../lib/gcc/nios2-elf/5.3.0/../../../../../H-x86_64-mingw32/nios2-elf/lib/mno-hw-mul\libc.a(lib_a-stdio.o)
                0x00000000000159b4                __sread
 .text.__seofread
                0x0000000000015a08        0x8 c:/intelfpga/18.1/nios2eds/bin/gnu/h-x86_64-mingw32/bin/../lib/gcc/nios2-elf/5.3.0/../../../../../H-x86_64-mingw32/nios2-elf/lib/mno-hw-mul\libc.a(lib_a-stdio.o)
                0x0000000000015a08                __seofread
 .text.__swrite
                0x0000000000015a10       0x7c c:/intelfpga/18.1/nios2eds/bin/gnu/h-x86_64-mingw32/bin/../lib/gcc/nios2-elf/5.3.0/../../../../../H-x86_64-mingw32/nios2-elf/lib/mno-hw-mul\libc.a(lib_a-stdio.o)
                0x0000000000015a10                __swrite
 .text.__sseek  0x0000000000015a8c       0x5c c:/intelfpga/18.1/nios2eds/bin/gnu/h-x86_64-mingw32/bin/../lib/gcc/nios2-elf/5.3.0/../../../../../H-x86_64-mingw32/nios2-elf/lib/mno-hw-mul\libc.a(lib_a-stdio.o)
                0x0000000000015a8c                __sseek
 .text.__sclose
                0x0000000000015ae8        0x8 c:/intelfpga/18.1/nios2eds/bin/gnu/h-x86_64-mingw32/bin/../lib/gcc/nios2-elf/5.3.0/../../../../../H-x86_64-mingw32/nios2-elf/lib/mno-hw-mul\libc.a(lib_a-stdio.o)
                0x0000000000015ae8                __sclose
 .text          0x0000000000015af0        0x0 c:/intelfpga/18.1/nios2eds/bin/gnu/h-x86_64-mingw32/bin/../lib/gcc/nios2-elf/5.3.0/../../../../../H-x86_64-mingw32/nios2-elf/lib/mno-hw-mul\libc.a(lib_a-writer.o)
 .text._write_r
                0x0000000000015af0       0x60 c:/intelfpga/18.1/nios2eds/bin/gnu/h-x86_64-mingw32/bin/../lib/gcc/nios2-elf/5.3.0/../../../../../H-x86_64-mingw32/nios2-elf/lib/mno-hw-mul\libc.a(lib_a-writer.o)
                0x0000000000015af0                _write_r
 .text          0x0000000000015b50        0x0 c:/intelfpga/18.1/nios2eds/bin/gnu/h-x86_64-mingw32/bin/../lib/gcc/nios2-elf/5.3.0/../../../../../H-x86_64-mingw32/nios2-elf/lib/mno-hw-mul\libc.a(closer.o)
 .text._close_r
                0x0000000000015b50       0x54 c:/intelfpga/18.1/nios2eds/bin/gnu/h-x86_64-mingw32/bin/../lib/gcc/nios2-elf/5.3.0/../../../../../H-x86_64-mingw32/nios2-elf/lib/mno-hw-mul\libc.a(closer.o)
                0x0000000000015b50                _close_r
 .text          0x0000000000015ba4        0x0 c:/intelfpga/18.1/nios2eds/bin/gnu/h-x86_64-mingw32/bin/../lib/gcc/nios2-elf/5.3.0/../../../../../H-x86_64-mingw32/nios2-elf/lib/mno-hw-mul\libc.a(lib_a-fclose.o)
 .text._fclose_r
                0x0000000000015ba4       0xf0 c:/intelfpga/18.1/nios2eds/bin/gnu/h-x86_64-mingw32/bin/../lib/gcc/nios2-elf/5.3.0/../../../../../H-x86_64-mingw32/nios2-elf/lib/mno-hw-mul\libc.a(lib_a-fclose.o)
                0x0000000000015ba4                _fclose_r
 .text.fclose   0x0000000000015c94       0x14 c:/intelfpga/18.1/nios2eds/bin/gnu/h-x86_64-mingw32/bin/../lib/gcc/nios2-elf/5.3.0/../../../../../H-x86_64-mingw32/nios2-elf/lib/mno-hw-mul\libc.a(lib_a-fclose.o)
                0x0000000000015c94                fclose
 .text          0x0000000000015ca8        0x0 c:/intelfpga/18.1/nios2eds/bin/gnu/h-x86_64-mingw32/bin/../lib/gcc/nios2-elf/5.3.0/../../../../../H-x86_64-mingw32/nios2-elf/lib/mno-hw-mul\libc.a(lib_a-fstatr.o)
 .text._fstat_r
                0x0000000000015ca8       0x5c c:/intelfpga/18.1/nios2eds/bin/gnu/h-x86_64-mingw32/bin/../lib/gcc/nios2-elf/5.3.0/../../../../../H-x86_64-mingw32/nios2-elf/lib/mno-hw-mul\libc.a(lib_a-fstatr.o)
                0x0000000000015ca8                _fstat_r
 .text          0x0000000000015d04        0x0 c:/intelfpga/18.1/nios2eds/bin/gnu/h-x86_64-mingw32/bin/../lib/gcc/nios2-elf/5.3.0/../../../../../H-x86_64-mingw32/nios2-elf/lib/mno-hw-mul\libc.a(lib_a-isattyr.o)
 .text._isatty_r
                0x0000000000015d04       0x54 c:/intelfpga/18.1/nios2eds/bin/gnu/h-x86_64-mingw32/bin/../lib/gcc/nios2-elf/5.3.0/../../../../../H-x86_64-mingw32/nios2-elf/lib/mno-hw-mul\libc.a(lib_a-isattyr.o)
                0x0000000000015d04                _isatty_r
 .text          0x0000000000015d58        0x0 c:/intelfpga/18.1/nios2eds/bin/gnu/h-x86_64-mingw32/bin/../lib/gcc/nios2-elf/5.3.0/../../../../../H-x86_64-mingw32/nios2-elf/lib/mno-hw-mul\libc.a(lib_a-lseekr.o)
 .text._lseek_r
                0x0000000000015d58       0x60 c:/intelfpga/18.1/nios2eds/bin/gnu/h-x86_64-mingw32/bin/../lib/gcc/nios2-elf/5.3.0/../../../../../H-x86_64-mingw32/nios2-elf/lib/mno-hw-mul\libc.a(lib_a-lseekr.o)
                0x0000000000015d58                _lseek_r
 .text          0x0000000000015db8        0x0 c:/intelfpga/18.1/nios2eds/bin/gnu/h-x86_64-mingw32/bin/../lib/gcc/nios2-elf/5.3.0/../../../../../H-x86_64-mingw32/nios2-elf/lib/mno-hw-mul\libc.a(lib_a-readr.o)
 .text._read_r  0x0000000000015db8       0x60 c:/intelfpga/18.1/nios2eds/bin/gnu/h-x86_64-mingw32/bin/../lib/gcc/nios2-elf/5.3.0/../../../../../H-x86_64-mingw32/nios2-elf/lib/mno-hw-mul\libc.a(lib_a-readr.o)
                0x0000000000015db8                _read_r
 .text          0x0000000000015e18       0x34 C:/Users/mulahmer/Desktop/project_mustapha/software/bsp\libhal_bsp.a(alt_exit.o)
                0x0000000000015e18                _exit
 .text          0x0000000000015e4c       0xf4 C:/Users/mulahmer/Desktop/project_mustapha/software/bsp\libhal_bsp.a(alt_fstat.o)
                0x0000000000015e88                fstat
 .text          0x0000000000015f40       0xe8 C:/Users/mulahmer/Desktop/project_mustapha/software/bsp\libhal_bsp.a(alt_isatty.o)
                0x0000000000015f7c                isatty
 .text          0x0000000000016028      0x118 C:/Users/mulahmer/Desktop/project_mustapha/software/bsp\libhal_bsp.a(alt_lseek.o)
                0x0000000000016064                lseek
 .text          0x0000000000016140       0x48 C:/Users/mulahmer/Desktop/project_mustapha/software/bsp\libhal_bsp.a(alt_malloc_lock.o)
                0x0000000000016140                __malloc_lock
                0x0000000000016164                __malloc_unlock
 .text          0x0000000000016188      0x140 C:/Users/mulahmer/Desktop/project_mustapha/software/bsp\libhal_bsp.a(alt_read.o)
                0x00000000000161c4                read
 .text          0x00000000000162c8       0xb0 C:/Users/mulahmer/Desktop/project_mustapha/software/bsp\libhal_bsp.a(alt_sbrk.o)
                0x00000000000162c8                sbrk
 .text          0x0000000000016378      0x13c C:/Users/mulahmer/Desktop/project_mustapha/software/bsp\libhal_bsp.a(alt_write.o)
                0x00000000000163b4                write
 *(.gnu.warning.*)
 *(.fini)
                [!provide]                        PROVIDE (__etext, ABSOLUTE (.))
                [!provide]                        PROVIDE (_etext, ABSOLUTE (.))
                [!provide]                        PROVIDE (etext, ABSOLUTE (.))
 *(.eh_frame_hdr)
                0x00000000000164b4                . = ALIGN (0x4)
                [!provide]                        PROVIDE (__preinit_array_start, ABSOLUTE (.))
 *(.preinit_array)
                [!provide]                        PROVIDE (__preinit_array_end, ABSOLUTE (.))
                [!provide]                        PROVIDE (__init_array_start, ABSOLUTE (.))
 *(.init_array)
                [!provide]                        PROVIDE (__init_array_end, ABSOLUTE (.))
                [!provide]                        PROVIDE (__fini_array_start, ABSOLUTE (.))
 *(.fini_array)
                [!provide]                        PROVIDE (__fini_array_end, ABSOLUTE (.))
 *(.eh_frame)
 *(.gcc_except_table .gcc_except_table.*)
 *(.dynamic)
                0x00000000000164b4                PROVIDE (__CTOR_LIST__, ABSOLUTE (.))
 *(.ctors)
 *(SORT(.ctors.*))
                0x00000000000164b4                PROVIDE (__CTOR_END__, ABSOLUTE (.))
                0x00000000000164b4                PROVIDE (__DTOR_LIST__, ABSOLUTE (.))
 *(.dtors)
 *(SORT(.dtors.*))
                0x00000000000164b4                PROVIDE (__DTOR_END__, ABSOLUTE (.))
 *(.jcr)
                0x00000000000164b4                . = ALIGN (0x4)

.rodata         0x00000000000164b4      0x21c
                0x00000000000164b4                PROVIDE (__ram_rodata_start, ABSOLUTE (.))
                0x00000000000164b4                . = ALIGN (0x4)
 *(.rodata .rodata.* .gnu.linkonce.r.*)
 .rodata        0x00000000000164b4       0xe4 obj/default/main.o
 .rodata        0x0000000000016598      0x100 c:/intelfpga/18.1/nios2eds/bin/gnu/h-x86_64-mingw32/bin/../lib/gcc/nios2-elf/5.3.0/mno-hw-mul\libgcc.a(_clz.o)
                0x0000000000016598                __clz_tab
 .rodata        0x0000000000016698       0x11 C:/Users/mulahmer/Desktop/project_mustapha/software/bsp\libhal_bsp.a(alt_main.o)
 *fill*         0x00000000000166a9        0x3 
 .rodata        0x00000000000166ac       0x11 C:/Users/mulahmer/Desktop/project_mustapha/software/bsp\libhal_bsp.a(alt_sys_init.o)
 *fill*         0x00000000000166bd        0x3 
 .rodata        0x00000000000166c0        0xa C:/Users/mulahmer/Desktop/project_mustapha/software/bsp\libhal_bsp.a(alt_dev.o)
 *fill*         0x00000000000166ca        0x2 
 .rodata.str1.4
                0x00000000000166cc        0x4 c:/intelfpga/18.1/nios2eds/bin/gnu/h-x86_64-mingw32/bin/../lib/gcc/nios2-elf/5.3.0/../../../../../H-x86_64-mingw32/nios2-elf/lib/mno-hw-mul\libc.a(lib_a-impure.o)
                                          0x2 (size before relaxing)
 *(.rodata1)
                0x00000000000166d0                . = ALIGN (0x4)
                0x00000000000166d0                PROVIDE (__ram_rodata_end, ABSOLUTE (.))
                0x00000000000164b4                PROVIDE (__flash_rodata_start, LOADADDR (.rodata))

.rwdata         0x00000000000166d0     0x1a6c load address 0x000000000001813c
                0x00000000000166d0                PROVIDE (__ram_rwdata_start, ABSOLUTE (.))
                0x00000000000166d0                . = ALIGN (0x4)
 *(.got.plt)
 *(.got)
 *(.data1)
 *(.data .data.* .gnu.linkonce.d.*)
 .data          0x00000000000166d0        0x0 C:/Users/mulahmer/Desktop/project_mustapha/software/bsp/obj/HAL/src/crt0.o
 .data          0x00000000000166d0        0x0 obj/default/main.o
 .data          0x00000000000166d0        0x0 c:/intelfpga/18.1/nios2eds/bin/gnu/h-x86_64-mingw32/bin/../lib/gcc/nios2-elf/5.3.0/mno-hw-mul\libgcc.a(lib2-divmod.o)
 .data          0x00000000000166d0        0x0 c:/intelfpga/18.1/nios2eds/bin/gnu/h-x86_64-mingw32/bin/../lib/gcc/nios2-elf/5.3.0/mno-hw-mul\libgcc.a(muldf3.o)
 .data          0x00000000000166d0        0x0 c:/intelfpga/18.1/nios2eds/bin/gnu/h-x86_64-mingw32/bin/../lib/gcc/nios2-elf/5.3.0/mno-hw-mul\libgcc.a(fixdfsi.o)
 .data          0x00000000000166d0        0x0 c:/intelfpga/18.1/nios2eds/bin/gnu/h-x86_64-mingw32/bin/../lib/gcc/nios2-elf/5.3.0/mno-hw-mul\libgcc.a(floatsidf.o)
 .data          0x00000000000166d0        0x0 c:/intelfpga/18.1/nios2eds/bin/gnu/h-x86_64-mingw32/bin/../lib/gcc/nios2-elf/5.3.0/mno-hw-mul\libgcc.a(_clzsi2.o)
 .data          0x00000000000166d0        0x0 c:/intelfpga/18.1/nios2eds/bin/gnu/h-x86_64-mingw32/bin/../lib/gcc/nios2-elf/5.3.0/mno-hw-mul\libgcc.a(lib2-mul.o)
 .data          0x00000000000166d0        0x0 c:/intelfpga/18.1/nios2eds/bin/gnu/h-x86_64-mingw32/bin/../lib/gcc/nios2-elf/5.3.0/mno-hw-mul\libgcc.a(_clz.o)
 .data          0x00000000000166d0        0x0 C:/Users/mulahmer/Desktop/project_mustapha/software/bsp\libhal_bsp.a(alt_irq_register.o)
 .data          0x00000000000166d0        0x0 C:/Users/mulahmer/Desktop/project_mustapha/software/bsp\libhal_bsp.a(alt_irq_vars.o)
 .data          0x00000000000166d0        0x0 C:/Users/mulahmer/Desktop/project_mustapha/software/bsp\libhal_bsp.a(alt_load.o)
 .data          0x00000000000166d0        0x0 C:/Users/mulahmer/Desktop/project_mustapha/software/bsp\libhal_bsp.a(alt_main.o)
 .data          0x00000000000166d0        0x0 C:/Users/mulahmer/Desktop/project_mustapha/software/bsp\libhal_bsp.a(alt_printf.o)
 .data          0x00000000000166d0        0x0 C:/Users/mulahmer/Desktop/project_mustapha/software/bsp\libhal_bsp.a(alt_putchar.o)
 .data          0x00000000000166d0        0x0 C:/Users/mulahmer/Desktop/project_mustapha/software/bsp\libhal_bsp.a(alt_usleep.o)
 .data          0x00000000000166d0     0x1060 C:/Users/mulahmer/Desktop/project_mustapha/software/bsp\libhal_bsp.a(alt_sys_init.o)
 .data          0x0000000000017730        0x0 C:/Users/mulahmer/Desktop/project_mustapha/software/bsp\libhal_bsp.a(altera_avalon_jtag_uart_fd.o)
 .data          0x0000000000017730        0x0 C:/Users/mulahmer/Desktop/project_mustapha/software/bsp\libhal_bsp.a(altera_avalon_jtag_uart_init.o)
 .data          0x0000000000017730        0x0 C:/Users/mulahmer/Desktop/project_mustapha/software/bsp\libhal_bsp.a(altera_avalon_jtag_uart_ioctl.o)
 .data          0x0000000000017730        0x0 C:/Users/mulahmer/Desktop/project_mustapha/software/bsp\libhal_bsp.a(altera_avalon_jtag_uart_read.o)
 .data          0x0000000000017730        0x0 C:/Users/mulahmer/Desktop/project_mustapha/software/bsp\libhal_bsp.a(altera_avalon_jtag_uart_write.o)
 .data          0x0000000000017730        0x0 C:/Users/mulahmer/Desktop/project_mustapha/software/bsp\libhal_bsp.a(altera_avalon_timer_sc.o)
 .data          0x0000000000017730        0x0 C:/Users/mulahmer/Desktop/project_mustapha/software/bsp\libhal_bsp.a(opencores_i2c.o)
 .data          0x0000000000017730        0x0 C:/Users/mulahmer/Desktop/project_mustapha/software/bsp\libhal_bsp.a(alt_alarm_start.o)
 .data          0x0000000000017730        0x0 C:/Users/mulahmer/Desktop/project_mustapha/software/bsp\libhal_bsp.a(alt_busy_sleep.o)
 .data          0x0000000000017730        0x0 C:/Users/mulahmer/Desktop/project_mustapha/software/bsp\libhal_bsp.a(alt_close.o)
 .data          0x0000000000017730        0x0 C:/Users/mulahmer/Desktop/project_mustapha/software/bsp\libhal_bsp.a(alt_dcache_flush_all.o)
 .data          0x0000000000017730      0x1a8 C:/Users/mulahmer/Desktop/project_mustapha/software/bsp\libhal_bsp.a(alt_dev.o)
                0x0000000000017730                alt_dev_null
                0x0000000000017758                alt_fd_list
 .data          0x00000000000178d8        0x0 C:/Users/mulahmer/Desktop/project_mustapha/software/bsp\libhal_bsp.a(alt_dev_llist_insert.o)
 .data          0x00000000000178d8        0x0 C:/Users/mulahmer/Desktop/project_mustapha/software/bsp\libhal_bsp.a(alt_do_ctors.o)
 .data          0x00000000000178d8        0x0 C:/Users/mulahmer/Desktop/project_mustapha/software/bsp\libhal_bsp.a(alt_do_dtors.o)
 .data          0x00000000000178d8        0x0 C:/Users/mulahmer/Desktop/project_mustapha/software/bsp\libhal_bsp.a(alt_errno.o)
 .data          0x00000000000178d8        0x0 C:/Users/mulahmer/Desktop/project_mustapha/software/bsp\libhal_bsp.a(alt_icache_flush_all.o)
 .data          0x00000000000178d8        0x0 C:/Users/mulahmer/Desktop/project_mustapha/software/bsp\libhal_bsp.a(alt_io_redirect.o)
 .data          0x00000000000178d8        0x0 C:/Users/mulahmer/Desktop/project_mustapha/software/bsp\libhal_bsp.a(alt_irq_entry.o)
 .data          0x00000000000178d8        0x0 C:/Users/mulahmer/Desktop/project_mustapha/software/bsp\libhal_bsp.a(alt_irq_handler.o)
 .data          0x00000000000178d8        0x0 C:/Users/mulahmer/Desktop/project_mustapha/software/bsp\libhal_bsp.a(alt_open.o)
 .data          0x00000000000178d8        0x0 C:/Users/mulahmer/Desktop/project_mustapha/software/bsp\libhal_bsp.a(alt_release_fd.o)
 .data          0x00000000000178d8        0x0 C:/Users/mulahmer/Desktop/project_mustapha/software/bsp\libhal_bsp.a(alt_tick.o)
 .data          0x00000000000178d8        0x0 C:/Users/mulahmer/Desktop/project_mustapha/software/bsp\libhal_bsp.a(altera_nios2_gen2_irq.o)
 .data          0x00000000000178d8        0x0 C:/Users/mulahmer/Desktop/project_mustapha/software/bsp\libhal_bsp.a(alt_exception_entry.o)
 .data          0x00000000000178d8        0x0 C:/Users/mulahmer/Desktop/project_mustapha/software/bsp\libhal_bsp.a(alt_find_dev.o)
 .data          0x00000000000178d8        0x0 C:/Users/mulahmer/Desktop/project_mustapha/software/bsp\libhal_bsp.a(alt_find_file.o)
 .data          0x00000000000178d8        0x0 C:/Users/mulahmer/Desktop/project_mustapha/software/bsp\libhal_bsp.a(alt_get_fd.o)
 .data          0x00000000000178d8        0x0 C:/Users/mulahmer/Desktop/project_mustapha/software/bsp\libhal_bsp.a(alt_instruction_exception_entry.o)
 .data          0x00000000000178d8        0x0 c:/intelfpga/18.1/nios2eds/bin/gnu/h-x86_64-mingw32/bin/../lib/gcc/nios2-elf/5.3.0/../../../../../H-x86_64-mingw32/nios2-elf/lib/mno-hw-mul\libc.a(lib_a-atexit.o)
 .data          0x00000000000178d8        0x0 c:/intelfpga/18.1/nios2eds/bin/gnu/h-x86_64-mingw32/bin/../lib/gcc/nios2-elf/5.3.0/../../../../../H-x86_64-mingw32/nios2-elf/lib/mno-hw-mul\libc.a(lib_a-exit.o)
 .data          0x00000000000178d8        0x0 c:/intelfpga/18.1/nios2eds/bin/gnu/h-x86_64-mingw32/bin/../lib/gcc/nios2-elf/5.3.0/../../../../../H-x86_64-mingw32/nios2-elf/lib/mno-hw-mul\libc.a(lib_a-impure.o)
 .data.impure_data
                0x00000000000178d8      0x424 c:/intelfpga/18.1/nios2eds/bin/gnu/h-x86_64-mingw32/bin/../lib/gcc/nios2-elf/5.3.0/../../../../../H-x86_64-mingw32/nios2-elf/lib/mno-hw-mul\libc.a(lib_a-impure.o)
 .data          0x0000000000017cfc        0x0 c:/intelfpga/18.1/nios2eds/bin/gnu/h-x86_64-mingw32/bin/../lib/gcc/nios2-elf/5.3.0/../../../../../H-x86_64-mingw32/nios2-elf/lib/mno-hw-mul\libc.a(lib_a-int_errno.o)
 .data          0x0000000000017cfc        0x0 c:/intelfpga/18.1/nios2eds/bin/gnu/h-x86_64-mingw32/bin/../lib/gcc/nios2-elf/5.3.0/../../../../../H-x86_64-mingw32/nios2-elf/lib/mno-hw-mul\libc.a(lib_a-memcmp.o)
 .data          0x0000000000017cfc        0x0 c:/intelfpga/18.1/nios2eds/bin/gnu/h-x86_64-mingw32/bin/../lib/gcc/nios2-elf/5.3.0/../../../../../H-x86_64-mingw32/nios2-elf/lib/mno-hw-mul\libc.a(lib_a-memcpy.o)
 .data          0x0000000000017cfc        0x0 c:/intelfpga/18.1/nios2eds/bin/gnu/h-x86_64-mingw32/bin/../lib/gcc/nios2-elf/5.3.0/../../../../../H-x86_64-mingw32/nios2-elf/lib/mno-hw-mul\libc.a(lib_a-putc.o)
 .data          0x0000000000017cfc        0x0 c:/intelfpga/18.1/nios2eds/bin/gnu/h-x86_64-mingw32/bin/../lib/gcc/nios2-elf/5.3.0/../../../../../H-x86_64-mingw32/nios2-elf/lib/mno-hw-mul\libc.a(lib_a-strlen.o)
 .data          0x0000000000017cfc        0x0 c:/intelfpga/18.1/nios2eds/bin/gnu/h-x86_64-mingw32/bin/../lib/gcc/nios2-elf/5.3.0/../../../../../H-x86_64-mingw32/nios2-elf/lib/mno-hw-mul\libc.a(lib_a-wbuf.o)
 .data          0x0000000000017cfc        0x0 c:/intelfpga/18.1/nios2eds/bin/gnu/h-x86_64-mingw32/bin/../lib/gcc/nios2-elf/5.3.0/../../../../../H-x86_64-mingw32/nios2-elf/lib/mno-hw-mul\libc.a(lib_a-wsetup.o)
 .data          0x0000000000017cfc        0x0 c:/intelfpga/18.1/nios2eds/bin/gnu/h-x86_64-mingw32/bin/../lib/gcc/nios2-elf/5.3.0/../../../../../H-x86_64-mingw32/nios2-elf/lib/mno-hw-mul\libc.a(lib_a-__atexit.o)
 .data          0x0000000000017cfc        0x0 c:/intelfpga/18.1/nios2eds/bin/gnu/h-x86_64-mingw32/bin/../lib/gcc/nios2-elf/5.3.0/../../../../../H-x86_64-mingw32/nios2-elf/lib/mno-hw-mul\libc.a(lib_a-__call_atexit.o)
 .data          0x0000000000017cfc        0x0 c:/intelfpga/18.1/nios2eds/bin/gnu/h-x86_64-mingw32/bin/../lib/gcc/nios2-elf/5.3.0/../../../../../H-x86_64-mingw32/nios2-elf/lib/mno-hw-mul\libc.a(lib_a-fflush.o)
 .data          0x0000000000017cfc        0x0 c:/intelfpga/18.1/nios2eds/bin/gnu/h-x86_64-mingw32/bin/../lib/gcc/nios2-elf/5.3.0/../../../../../H-x86_64-mingw32/nios2-elf/lib/mno-hw-mul\libc.a(lib_a-findfp.o)
 .data          0x0000000000017cfc        0x0 c:/intelfpga/18.1/nios2eds/bin/gnu/h-x86_64-mingw32/bin/../lib/gcc/nios2-elf/5.3.0/../../../../../H-x86_64-mingw32/nios2-elf/lib/mno-hw-mul\libc.a(lib_a-freer.o)
 .data          0x0000000000017cfc        0x0 c:/intelfpga/18.1/nios2eds/bin/gnu/h-x86_64-mingw32/bin/../lib/gcc/nios2-elf/5.3.0/../../../../../H-x86_64-mingw32/nios2-elf/lib/mno-hw-mul\libc.a(lib_a-fwalk.o)
 .data          0x0000000000017cfc        0x0 c:/intelfpga/18.1/nios2eds/bin/gnu/h-x86_64-mingw32/bin/../lib/gcc/nios2-elf/5.3.0/../../../../../H-x86_64-mingw32/nios2-elf/lib/mno-hw-mul\libc.a(lib_a-makebuf.o)
 .data          0x0000000000017cfc        0x0 c:/intelfpga/18.1/nios2eds/bin/gnu/h-x86_64-mingw32/bin/../lib/gcc/nios2-elf/5.3.0/../../../../../H-x86_64-mingw32/nios2-elf/lib/mno-hw-mul\libc.a(lib_a-mallocr.o)
 .data.__malloc_av_
                0x0000000000017cfc      0x408 c:/intelfpga/18.1/nios2eds/bin/gnu/h-x86_64-mingw32/bin/../lib/gcc/nios2-elf/5.3.0/../../../../../H-x86_64-mingw32/nios2-elf/lib/mno-hw-mul\libc.a(lib_a-mallocr.o)
                0x0000000000017cfc                __malloc_av_
 .data          0x0000000000018104        0x0 c:/intelfpga/18.1/nios2eds/bin/gnu/h-x86_64-mingw32/bin/../lib/gcc/nios2-elf/5.3.0/../../../../../H-x86_64-mingw32/nios2-elf/lib/mno-hw-mul\libc.a(lib_a-memset.o)
 .data          0x0000000000018104        0x0 c:/intelfpga/18.1/nios2eds/bin/gnu/h-x86_64-mingw32/bin/../lib/gcc/nios2-elf/5.3.0/../../../../../H-x86_64-mingw32/nios2-elf/lib/mno-hw-mul\libc.a(lib_a-sbrkr.o)
 .data          0x0000000000018104        0x0 c:/intelfpga/18.1/nios2eds/bin/gnu/h-x86_64-mingw32/bin/../lib/gcc/nios2-elf/5.3.0/../../../../../H-x86_64-mingw32/nios2-elf/lib/mno-hw-mul\libc.a(lib_a-stdio.o)
 .data          0x0000000000018104        0x0 c:/intelfpga/18.1/nios2eds/bin/gnu/h-x86_64-mingw32/bin/../lib/gcc/nios2-elf/5.3.0/../../../../../H-x86_64-mingw32/nios2-elf/lib/mno-hw-mul\libc.a(lib_a-writer.o)
 .data          0x0000000000018104        0x0 c:/intelfpga/18.1/nios2eds/bin/gnu/h-x86_64-mingw32/bin/../lib/gcc/nios2-elf/5.3.0/../../../../../H-x86_64-mingw32/nios2-elf/lib/mno-hw-mul\libc.a(closer.o)
 .data          0x0000000000018104        0x0 c:/intelfpga/18.1/nios2eds/bin/gnu/h-x86_64-mingw32/bin/../lib/gcc/nios2-elf/5.3.0/../../../../../H-x86_64-mingw32/nios2-elf/lib/mno-hw-mul\libc.a(lib_a-fclose.o)
 .data          0x0000000000018104        0x0 c:/intelfpga/18.1/nios2eds/bin/gnu/h-x86_64-mingw32/bin/../lib/gcc/nios2-elf/5.3.0/../../../../../H-x86_64-mingw32/nios2-elf/lib/mno-hw-mul\libc.a(lib_a-fstatr.o)
 .data          0x0000000000018104        0x0 c:/intelfpga/18.1/nios2eds/bin/gnu/h-x86_64-mingw32/bin/../lib/gcc/nios2-elf/5.3.0/../../../../../H-x86_64-mingw32/nios2-elf/lib/mno-hw-mul\libc.a(lib_a-isattyr.o)
 .data          0x0000000000018104        0x0 c:/intelfpga/18.1/nios2eds/bin/gnu/h-x86_64-mingw32/bin/../lib/gcc/nios2-elf/5.3.0/../../../../../H-x86_64-mingw32/nios2-elf/lib/mno-hw-mul\libc.a(lib_a-lseekr.o)
 .data          0x0000000000018104        0x0 c:/intelfpga/18.1/nios2eds/bin/gnu/h-x86_64-mingw32/bin/../lib/gcc/nios2-elf/5.3.0/../../../../../H-x86_64-mingw32/nios2-elf/lib/mno-hw-mul\libc.a(lib_a-readr.o)
 .data          0x0000000000018104        0x0 C:/Users/mulahmer/Desktop/project_mustapha/software/bsp\libhal_bsp.a(alt_exit.o)
 .data          0x0000000000018104        0x0 C:/Users/mulahmer/Desktop/project_mustapha/software/bsp\libhal_bsp.a(alt_fstat.o)
 .data          0x0000000000018104        0x0 C:/Users/mulahmer/Desktop/project_mustapha/software/bsp\libhal_bsp.a(alt_isatty.o)
 .data          0x0000000000018104        0x0 C:/Users/mulahmer/Desktop/project_mustapha/software/bsp\libhal_bsp.a(alt_lseek.o)
 .data          0x0000000000018104        0x0 C:/Users/mulahmer/Desktop/project_mustapha/software/bsp\libhal_bsp.a(alt_malloc_lock.o)
 .data          0x0000000000018104        0x0 C:/Users/mulahmer/Desktop/project_mustapha/software/bsp\libhal_bsp.a(alt_read.o)
 .data          0x0000000000018104        0x0 C:/Users/mulahmer/Desktop/project_mustapha/software/bsp\libhal_bsp.a(alt_sbrk.o)
 .data          0x0000000000018104        0x0 C:/Users/mulahmer/Desktop/project_mustapha/software/bsp\libhal_bsp.a(alt_write.o)
                0x0000000000020104                _gp = ABSOLUTE ((. + 0x8000))
                [!provide]                        PROVIDE (gp, _gp)
 *(.rwdata .rwdata.*)
 *(.sdata .sdata.* .gnu.linkonce.s.*)
 .sdata         0x0000000000018104        0x4 C:/Users/mulahmer/Desktop/project_mustapha/software/bsp\libhal_bsp.a(alt_irq_vars.o)
                0x0000000000018104                alt_priority_mask
 .sdata         0x0000000000018108       0x14 C:/Users/mulahmer/Desktop/project_mustapha/software/bsp\libhal_bsp.a(alt_dev.o)
                0x0000000000018108                alt_fs_list
                0x0000000000018110                alt_dev_list
                0x0000000000018118                alt_max_fd
 .sdata         0x000000000001811c        0x4 C:/Users/mulahmer/Desktop/project_mustapha/software/bsp\libhal_bsp.a(alt_errno.o)
                0x000000000001811c                alt_errno
 .sdata         0x0000000000018120        0x8 C:/Users/mulahmer/Desktop/project_mustapha/software/bsp\libhal_bsp.a(alt_tick.o)
                0x0000000000018120                alt_alarm_list
 .sdata._global_impure_ptr
                0x0000000000018128        0x4 c:/intelfpga/18.1/nios2eds/bin/gnu/h-x86_64-mingw32/bin/../lib/gcc/nios2-elf/5.3.0/../../../../../H-x86_64-mingw32/nios2-elf/lib/mno-hw-mul\libc.a(lib_a-impure.o)
                0x0000000000018128                _global_impure_ptr
 .sdata._impure_ptr
                0x000000000001812c        0x4 c:/intelfpga/18.1/nios2eds/bin/gnu/h-x86_64-mingw32/bin/../lib/gcc/nios2-elf/5.3.0/../../../../../H-x86_64-mingw32/nios2-elf/lib/mno-hw-mul\libc.a(lib_a-impure.o)
                0x000000000001812c                _impure_ptr
 .sdata.__malloc_sbrk_base
                0x0000000000018130        0x4 c:/intelfpga/18.1/nios2eds/bin/gnu/h-x86_64-mingw32/bin/../lib/gcc/nios2-elf/5.3.0/../../../../../H-x86_64-mingw32/nios2-elf/lib/mno-hw-mul\libc.a(lib_a-mallocr.o)
                0x0000000000018130                __malloc_sbrk_base
 .sdata.__malloc_trim_threshold
                0x0000000000018134        0x4 c:/intelfpga/18.1/nios2eds/bin/gnu/h-x86_64-mingw32/bin/../lib/gcc/nios2-elf/5.3.0/../../../../../H-x86_64-mingw32/nios2-elf/lib/mno-hw-mul\libc.a(lib_a-mallocr.o)
                0x0000000000018134                __malloc_trim_threshold
 .sdata         0x0000000000018138        0x4 C:/Users/mulahmer/Desktop/project_mustapha/software/bsp\libhal_bsp.a(alt_sbrk.o)
 *(.sdata2 .sdata2.* .gnu.linkonce.s2.*)
                0x000000000001813c                . = ALIGN (0x4)
                0x000000000001813c                _edata = ABSOLUTE (.)
                [!provide]                        PROVIDE (edata, ABSOLUTE (.))
                0x000000000001813c                PROVIDE (__ram_rwdata_end, ABSOLUTE (.))
                0x000000000001813c                PROVIDE (__flash_rwdata_start, LOADADDR (.rwdata))

.bss            0x0000000000019ba8      0x15c
                0x0000000000019ba8                __bss_start = ABSOLUTE (.)
                [!provide]                        PROVIDE (__sbss_start, ABSOLUTE (.))
                [!provide]                        PROVIDE (___sbss_start, ABSOLUTE (.))
 *(.dynsbss)
 *(.sbss .sbss.* .gnu.linkonce.sb.*)
 .sbss          0x0000000000019ba8        0x8 obj/default/main.o
                0x0000000000019ba8                A0
                0x0000000000019bac                A1
 .sbss          0x0000000000019bb0        0x4 C:/Users/mulahmer/Desktop/project_mustapha/software/bsp\libhal_bsp.a(alt_irq_vars.o)
                0x0000000000019bb0                alt_irq_active
 .sbss          0x0000000000019bb4        0xc C:/Users/mulahmer/Desktop/project_mustapha/software/bsp\libhal_bsp.a(alt_main.o)
                0x0000000000019bb4                alt_argc
                0x0000000000019bb8                alt_argv
                0x0000000000019bbc                alt_envp
 .sbss          0x0000000000019bc0        0x8 C:/Users/mulahmer/Desktop/project_mustapha/software/bsp\libhal_bsp.a(alt_tick.o)
                0x0000000000019bc0                _alt_tick_rate
                0x0000000000019bc4                _alt_nticks
 .sbss          0x0000000000019bc8        0x4 C:/Users/mulahmer/Desktop/project_mustapha/software/bsp\libhal_bsp.a(alt_instruction_exception_entry.o)
                0x0000000000019bc8                alt_instruction_exception_handler
 .sbss          0x0000000000019bcc        0x4 c:/intelfpga/18.1/nios2eds/bin/gnu/h-x86_64-mingw32/bin/../lib/gcc/nios2-elf/5.3.0/../../../../../H-x86_64-mingw32/nios2-elf/lib/mno-hw-mul\libc.a(lib_a-int_errno.o)
                0x0000000000019bcc                errno
 .sbss.__malloc_max_total_mem
                0x0000000000019bd0        0x4 c:/intelfpga/18.1/nios2eds/bin/gnu/h-x86_64-mingw32/bin/../lib/gcc/nios2-elf/5.3.0/../../../../../H-x86_64-mingw32/nios2-elf/lib/mno-hw-mul\libc.a(lib_a-mallocr.o)
                0x0000000000019bd0                __malloc_max_total_mem
 .sbss.__malloc_max_sbrked_mem
                0x0000000000019bd4        0x4 c:/intelfpga/18.1/nios2eds/bin/gnu/h-x86_64-mingw32/bin/../lib/gcc/nios2-elf/5.3.0/../../../../../H-x86_64-mingw32/nios2-elf/lib/mno-hw-mul\libc.a(lib_a-mallocr.o)
                0x0000000000019bd4                __malloc_max_sbrked_mem
 .sbss.__malloc_top_pad
                0x0000000000019bd8        0x4 c:/intelfpga/18.1/nios2eds/bin/gnu/h-x86_64-mingw32/bin/../lib/gcc/nios2-elf/5.3.0/../../../../../H-x86_64-mingw32/nios2-elf/lib/mno-hw-mul\libc.a(lib_a-mallocr.o)
                0x0000000000019bd8                __malloc_top_pad
 *(.sbss2 .sbss2.* .gnu.linkonce.sb2.*)
 *(.scommon)
                [!provide]                        PROVIDE (__sbss_end, ABSOLUTE (.))
                [!provide]                        PROVIDE (___sbss_end, ABSOLUTE (.))
 *(.dynbss)
 *(.bss .bss.* .gnu.linkonce.b.*)
 .bss           0x0000000000019bdc        0x0 C:/Users/mulahmer/Desktop/project_mustapha/software/bsp/obj/HAL/src/crt0.o
 .bss           0x0000000000019bdc        0x0 obj/default/main.o
 .bss           0x0000000000019bdc        0x0 c:/intelfpga/18.1/nios2eds/bin/gnu/h-x86_64-mingw32/bin/../lib/gcc/nios2-elf/5.3.0/mno-hw-mul\libgcc.a(lib2-divmod.o)
 .bss           0x0000000000019bdc        0x0 c:/intelfpga/18.1/nios2eds/bin/gnu/h-x86_64-mingw32/bin/../lib/gcc/nios2-elf/5.3.0/mno-hw-mul\libgcc.a(muldf3.o)
 .bss           0x0000000000019bdc        0x0 c:/intelfpga/18.1/nios2eds/bin/gnu/h-x86_64-mingw32/bin/../lib/gcc/nios2-elf/5.3.0/mno-hw-mul\libgcc.a(fixdfsi.o)
 .bss           0x0000000000019bdc        0x0 c:/intelfpga/18.1/nios2eds/bin/gnu/h-x86_64-mingw32/bin/../lib/gcc/nios2-elf/5.3.0/mno-hw-mul\libgcc.a(floatsidf.o)
 .bss           0x0000000000019bdc        0x0 c:/intelfpga/18.1/nios2eds/bin/gnu/h-x86_64-mingw32/bin/../lib/gcc/nios2-elf/5.3.0/mno-hw-mul\libgcc.a(_clzsi2.o)
 .bss           0x0000000000019bdc        0x0 c:/intelfpga/18.1/nios2eds/bin/gnu/h-x86_64-mingw32/bin/../lib/gcc/nios2-elf/5.3.0/mno-hw-mul\libgcc.a(lib2-mul.o)
 .bss           0x0000000000019bdc        0x0 c:/intelfpga/18.1/nios2eds/bin/gnu/h-x86_64-mingw32/bin/../lib/gcc/nios2-elf/5.3.0/mno-hw-mul\libgcc.a(_clz.o)
 .bss           0x0000000000019bdc        0x0 C:/Users/mulahmer/Desktop/project_mustapha/software/bsp\libhal_bsp.a(alt_irq_register.o)
 .bss           0x0000000000019bdc        0x0 C:/Users/mulahmer/Desktop/project_mustapha/software/bsp\libhal_bsp.a(alt_irq_vars.o)
 .bss           0x0000000000019bdc        0x0 C:/Users/mulahmer/Desktop/project_mustapha/software/bsp\libhal_bsp.a(alt_load.o)
 .bss           0x0000000000019bdc        0x0 C:/Users/mulahmer/Desktop/project_mustapha/software/bsp\libhal_bsp.a(alt_main.o)
 .bss           0x0000000000019bdc        0x0 C:/Users/mulahmer/Desktop/project_mustapha/software/bsp\libhal_bsp.a(alt_printf.o)
 .bss           0x0000000000019bdc        0x0 C:/Users/mulahmer/Desktop/project_mustapha/software/bsp\libhal_bsp.a(alt_putchar.o)
 .bss           0x0000000000019bdc        0x0 C:/Users/mulahmer/Desktop/project_mustapha/software/bsp\libhal_bsp.a(alt_usleep.o)
 .bss           0x0000000000019bdc        0x0 C:/Users/mulahmer/Desktop/project_mustapha/software/bsp\libhal_bsp.a(alt_sys_init.o)
 .bss           0x0000000000019bdc        0x0 C:/Users/mulahmer/Desktop/project_mustapha/software/bsp\libhal_bsp.a(altera_avalon_jtag_uart_fd.o)
 .bss           0x0000000000019bdc        0x0 C:/Users/mulahmer/Desktop/project_mustapha/software/bsp\libhal_bsp.a(altera_avalon_jtag_uart_init.o)
 .bss           0x0000000000019bdc        0x0 C:/Users/mulahmer/Desktop/project_mustapha/software/bsp\libhal_bsp.a(altera_avalon_jtag_uart_ioctl.o)
 .bss           0x0000000000019bdc        0x0 C:/Users/mulahmer/Desktop/project_mustapha/software/bsp\libhal_bsp.a(altera_avalon_jtag_uart_read.o)
 .bss           0x0000000000019bdc        0x0 C:/Users/mulahmer/Desktop/project_mustapha/software/bsp\libhal_bsp.a(altera_avalon_jtag_uart_write.o)
 .bss           0x0000000000019bdc        0x0 C:/Users/mulahmer/Desktop/project_mustapha/software/bsp\libhal_bsp.a(altera_avalon_timer_sc.o)
 .bss           0x0000000000019bdc        0x0 C:/Users/mulahmer/Desktop/project_mustapha/software/bsp\libhal_bsp.a(opencores_i2c.o)
 .bss           0x0000000000019bdc        0x0 C:/Users/mulahmer/Desktop/project_mustapha/software/bsp\libhal_bsp.a(alt_alarm_start.o)
 .bss           0x0000000000019bdc        0x0 C:/Users/mulahmer/Desktop/project_mustapha/software/bsp\libhal_bsp.a(alt_busy_sleep.o)
 .bss           0x0000000000019bdc        0x0 C:/Users/mulahmer/Desktop/project_mustapha/software/bsp\libhal_bsp.a(alt_close.o)
 .bss           0x0000000000019bdc        0x0 C:/Users/mulahmer/Desktop/project_mustapha/software/bsp\libhal_bsp.a(alt_dcache_flush_all.o)
 .bss           0x0000000000019bdc        0x0 C:/Users/mulahmer/Desktop/project_mustapha/software/bsp\libhal_bsp.a(alt_dev.o)
 .bss           0x0000000000019bdc        0x0 C:/Users/mulahmer/Desktop/project_mustapha/software/bsp\libhal_bsp.a(alt_dev_llist_insert.o)
 .bss           0x0000000000019bdc        0x0 C:/Users/mulahmer/Desktop/project_mustapha/software/bsp\libhal_bsp.a(alt_do_ctors.o)
 .bss           0x0000000000019bdc        0x0 C:/Users/mulahmer/Desktop/project_mustapha/software/bsp\libhal_bsp.a(alt_do_dtors.o)
 .bss           0x0000000000019bdc        0x0 C:/Users/mulahmer/Desktop/project_mustapha/software/bsp\libhal_bsp.a(alt_errno.o)
 .bss           0x0000000000019bdc        0x0 C:/Users/mulahmer/Desktop/project_mustapha/software/bsp\libhal_bsp.a(alt_icache_flush_all.o)
 .bss           0x0000000000019bdc        0x0 C:/Users/mulahmer/Desktop/project_mustapha/software/bsp\libhal_bsp.a(alt_io_redirect.o)
 .bss           0x0000000000019bdc        0x0 C:/Users/mulahmer/Desktop/project_mustapha/software/bsp\libhal_bsp.a(alt_irq_entry.o)
 .bss           0x0000000000019bdc        0x0 C:/Users/mulahmer/Desktop/project_mustapha/software/bsp\libhal_bsp.a(alt_irq_handler.o)
 .bss           0x0000000000019bdc        0x0 C:/Users/mulahmer/Desktop/project_mustapha/software/bsp\libhal_bsp.a(alt_open.o)
 .bss           0x0000000000019bdc        0x0 C:/Users/mulahmer/Desktop/project_mustapha/software/bsp\libhal_bsp.a(alt_release_fd.o)
 .bss           0x0000000000019bdc        0x0 C:/Users/mulahmer/Desktop/project_mustapha/software/bsp\libhal_bsp.a(alt_tick.o)
 .bss           0x0000000000019bdc        0x0 C:/Users/mulahmer/Desktop/project_mustapha/software/bsp\libhal_bsp.a(altera_nios2_gen2_irq.o)
 .bss           0x0000000000019bdc        0x0 C:/Users/mulahmer/Desktop/project_mustapha/software/bsp\libhal_bsp.a(alt_exception_entry.o)
 .bss           0x0000000000019bdc        0x0 C:/Users/mulahmer/Desktop/project_mustapha/software/bsp\libhal_bsp.a(alt_find_dev.o)
 .bss           0x0000000000019bdc        0x0 C:/Users/mulahmer/Desktop/project_mustapha/software/bsp\libhal_bsp.a(alt_find_file.o)
 .bss           0x0000000000019bdc        0x0 C:/Users/mulahmer/Desktop/project_mustapha/software/bsp\libhal_bsp.a(alt_get_fd.o)
 .bss           0x0000000000019bdc        0x0 C:/Users/mulahmer/Desktop/project_mustapha/software/bsp\libhal_bsp.a(alt_instruction_exception_entry.o)
 .bss           0x0000000000019bdc        0x0 c:/intelfpga/18.1/nios2eds/bin/gnu/h-x86_64-mingw32/bin/../lib/gcc/nios2-elf/5.3.0/../../../../../H-x86_64-mingw32/nios2-elf/lib/mno-hw-mul\libc.a(lib_a-atexit.o)
 .bss           0x0000000000019bdc        0x0 c:/intelfpga/18.1/nios2eds/bin/gnu/h-x86_64-mingw32/bin/../lib/gcc/nios2-elf/5.3.0/../../../../../H-x86_64-mingw32/nios2-elf/lib/mno-hw-mul\libc.a(lib_a-exit.o)
 .bss           0x0000000000019bdc        0x0 c:/intelfpga/18.1/nios2eds/bin/gnu/h-x86_64-mingw32/bin/../lib/gcc/nios2-elf/5.3.0/../../../../../H-x86_64-mingw32/nios2-elf/lib/mno-hw-mul\libc.a(lib_a-impure.o)
 .bss           0x0000000000019bdc        0x0 c:/intelfpga/18.1/nios2eds/bin/gnu/h-x86_64-mingw32/bin/../lib/gcc/nios2-elf/5.3.0/../../../../../H-x86_64-mingw32/nios2-elf/lib/mno-hw-mul\libc.a(lib_a-int_errno.o)
 .bss           0x0000000000019bdc        0x0 c:/intelfpga/18.1/nios2eds/bin/gnu/h-x86_64-mingw32/bin/../lib/gcc/nios2-elf/5.3.0/../../../../../H-x86_64-mingw32/nios2-elf/lib/mno-hw-mul\libc.a(lib_a-memcmp.o)
 .bss           0x0000000000019bdc        0x0 c:/intelfpga/18.1/nios2eds/bin/gnu/h-x86_64-mingw32/bin/../lib/gcc/nios2-elf/5.3.0/../../../../../H-x86_64-mingw32/nios2-elf/lib/mno-hw-mul\libc.a(lib_a-memcpy.o)
 .bss           0x0000000000019bdc        0x0 c:/intelfpga/18.1/nios2eds/bin/gnu/h-x86_64-mingw32/bin/../lib/gcc/nios2-elf/5.3.0/../../../../../H-x86_64-mingw32/nios2-elf/lib/mno-hw-mul\libc.a(lib_a-putc.o)
 .bss           0x0000000000019bdc        0x0 c:/intelfpga/18.1/nios2eds/bin/gnu/h-x86_64-mingw32/bin/../lib/gcc/nios2-elf/5.3.0/../../../../../H-x86_64-mingw32/nios2-elf/lib/mno-hw-mul\libc.a(lib_a-strlen.o)
 .bss           0x0000000000019bdc        0x0 c:/intelfpga/18.1/nios2eds/bin/gnu/h-x86_64-mingw32/bin/../lib/gcc/nios2-elf/5.3.0/../../../../../H-x86_64-mingw32/nios2-elf/lib/mno-hw-mul\libc.a(lib_a-wbuf.o)
 .bss           0x0000000000019bdc        0x0 c:/intelfpga/18.1/nios2eds/bin/gnu/h-x86_64-mingw32/bin/../lib/gcc/nios2-elf/5.3.0/../../../../../H-x86_64-mingw32/nios2-elf/lib/mno-hw-mul\libc.a(lib_a-wsetup.o)
 .bss           0x0000000000019bdc        0x0 c:/intelfpga/18.1/nios2eds/bin/gnu/h-x86_64-mingw32/bin/../lib/gcc/nios2-elf/5.3.0/../../../../../H-x86_64-mingw32/nios2-elf/lib/mno-hw-mul\libc.a(lib_a-__atexit.o)
 .bss           0x0000000000019bdc        0x0 c:/intelfpga/18.1/nios2eds/bin/gnu/h-x86_64-mingw32/bin/../lib/gcc/nios2-elf/5.3.0/../../../../../H-x86_64-mingw32/nios2-elf/lib/mno-hw-mul\libc.a(lib_a-__call_atexit.o)
 .bss           0x0000000000019bdc        0x0 c:/intelfpga/18.1/nios2eds/bin/gnu/h-x86_64-mingw32/bin/../lib/gcc/nios2-elf/5.3.0/../../../../../H-x86_64-mingw32/nios2-elf/lib/mno-hw-mul\libc.a(lib_a-fflush.o)
 .bss           0x0000000000019bdc        0x0 c:/intelfpga/18.1/nios2eds/bin/gnu/h-x86_64-mingw32/bin/../lib/gcc/nios2-elf/5.3.0/../../../../../H-x86_64-mingw32/nios2-elf/lib/mno-hw-mul\libc.a(lib_a-findfp.o)
 .bss           0x0000000000019bdc        0x0 c:/intelfpga/18.1/nios2eds/bin/gnu/h-x86_64-mingw32/bin/../lib/gcc/nios2-elf/5.3.0/../../../../../H-x86_64-mingw32/nios2-elf/lib/mno-hw-mul\libc.a(lib_a-freer.o)
 .bss           0x0000000000019bdc        0x0 c:/intelfpga/18.1/nios2eds/bin/gnu/h-x86_64-mingw32/bin/../lib/gcc/nios2-elf/5.3.0/../../../../../H-x86_64-mingw32/nios2-elf/lib/mno-hw-mul\libc.a(lib_a-fwalk.o)
 .bss           0x0000000000019bdc        0x0 c:/intelfpga/18.1/nios2eds/bin/gnu/h-x86_64-mingw32/bin/../lib/gcc/nios2-elf/5.3.0/../../../../../H-x86_64-mingw32/nios2-elf/lib/mno-hw-mul\libc.a(lib_a-makebuf.o)
 .bss           0x0000000000019bdc        0x0 c:/intelfpga/18.1/nios2eds/bin/gnu/h-x86_64-mingw32/bin/../lib/gcc/nios2-elf/5.3.0/../../../../../H-x86_64-mingw32/nios2-elf/lib/mno-hw-mul\libc.a(lib_a-mallocr.o)
 .bss.__malloc_current_mallinfo
                0x0000000000019bdc       0x28 c:/intelfpga/18.1/nios2eds/bin/gnu/h-x86_64-mingw32/bin/../lib/gcc/nios2-elf/5.3.0/../../../../../H-x86_64-mingw32/nios2-elf/lib/mno-hw-mul\libc.a(lib_a-mallocr.o)
                0x0000000000019bdc                __malloc_current_mallinfo
 .bss           0x0000000000019c04        0x0 c:/intelfpga/18.1/nios2eds/bin/gnu/h-x86_64-mingw32/bin/../lib/gcc/nios2-elf/5.3.0/../../../../../H-x86_64-mingw32/nios2-elf/lib/mno-hw-mul\libc.a(lib_a-memset.o)
 .bss           0x0000000000019c04        0x0 c:/intelfpga/18.1/nios2eds/bin/gnu/h-x86_64-mingw32/bin/../lib/gcc/nios2-elf/5.3.0/../../../../../H-x86_64-mingw32/nios2-elf/lib/mno-hw-mul\libc.a(lib_a-sbrkr.o)
 .bss           0x0000000000019c04        0x0 c:/intelfpga/18.1/nios2eds/bin/gnu/h-x86_64-mingw32/bin/../lib/gcc/nios2-elf/5.3.0/../../../../../H-x86_64-mingw32/nios2-elf/lib/mno-hw-mul\libc.a(lib_a-stdio.o)
 .bss           0x0000000000019c04        0x0 c:/intelfpga/18.1/nios2eds/bin/gnu/h-x86_64-mingw32/bin/../lib/gcc/nios2-elf/5.3.0/../../../../../H-x86_64-mingw32/nios2-elf/lib/mno-hw-mul\libc.a(lib_a-writer.o)
 .bss           0x0000000000019c04        0x0 c:/intelfpga/18.1/nios2eds/bin/gnu/h-x86_64-mingw32/bin/../lib/gcc/nios2-elf/5.3.0/../../../../../H-x86_64-mingw32/nios2-elf/lib/mno-hw-mul\libc.a(closer.o)
 .bss           0x0000000000019c04        0x0 c:/intelfpga/18.1/nios2eds/bin/gnu/h-x86_64-mingw32/bin/../lib/gcc/nios2-elf/5.3.0/../../../../../H-x86_64-mingw32/nios2-elf/lib/mno-hw-mul\libc.a(lib_a-fclose.o)
 .bss           0x0000000000019c04        0x0 c:/intelfpga/18.1/nios2eds/bin/gnu/h-x86_64-mingw32/bin/../lib/gcc/nios2-elf/5.3.0/../../../../../H-x86_64-mingw32/nios2-elf/lib/mno-hw-mul\libc.a(lib_a-fstatr.o)
 .bss           0x0000000000019c04        0x0 c:/intelfpga/18.1/nios2eds/bin/gnu/h-x86_64-mingw32/bin/../lib/gcc/nios2-elf/5.3.0/../../../../../H-x86_64-mingw32/nios2-elf/lib/mno-hw-mul\libc.a(lib_a-isattyr.o)
 .bss           0x0000000000019c04        0x0 c:/intelfpga/18.1/nios2eds/bin/gnu/h-x86_64-mingw32/bin/../lib/gcc/nios2-elf/5.3.0/../../../../../H-x86_64-mingw32/nios2-elf/lib/mno-hw-mul\libc.a(lib_a-lseekr.o)
 .bss           0x0000000000019c04        0x0 c:/intelfpga/18.1/nios2eds/bin/gnu/h-x86_64-mingw32/bin/../lib/gcc/nios2-elf/5.3.0/../../../../../H-x86_64-mingw32/nios2-elf/lib/mno-hw-mul\libc.a(lib_a-readr.o)
 .bss           0x0000000000019c04        0x0 C:/Users/mulahmer/Desktop/project_mustapha/software/bsp\libhal_bsp.a(alt_exit.o)
 .bss           0x0000000000019c04        0x0 C:/Users/mulahmer/Desktop/project_mustapha/software/bsp\libhal_bsp.a(alt_fstat.o)
 .bss           0x0000000000019c04        0x0 C:/Users/mulahmer/Desktop/project_mustapha/software/bsp\libhal_bsp.a(alt_isatty.o)
 .bss           0x0000000000019c04        0x0 C:/Users/mulahmer/Desktop/project_mustapha/software/bsp\libhal_bsp.a(alt_lseek.o)
 .bss           0x0000000000019c04        0x0 C:/Users/mulahmer/Desktop/project_mustapha/software/bsp\libhal_bsp.a(alt_malloc_lock.o)
 .bss           0x0000000000019c04        0x0 C:/Users/mulahmer/Desktop/project_mustapha/software/bsp\libhal_bsp.a(alt_read.o)
 .bss           0x0000000000019c04        0x0 C:/Users/mulahmer/Desktop/project_mustapha/software/bsp\libhal_bsp.a(alt_sbrk.o)
 .bss           0x0000000000019c04        0x0 C:/Users/mulahmer/Desktop/project_mustapha/software/bsp\libhal_bsp.a(alt_write.o)
 *(COMMON)
 COMMON         0x0000000000019c04      0x100 C:/Users/mulahmer/Desktop/project_mustapha/software/bsp\libhal_bsp.a(alt_irq_handler.o)
                0x0000000000019c04                alt_irq
                0x0000000000019d04                . = ALIGN (0x4)
                0x0000000000019d04                __bss_end = ABSOLUTE (.)

.RAM0           0x0000000000019d04        0x0
                [!provide]                        PROVIDE (_alt_partition_RAM0_start, ABSOLUTE (.))
 *(.RAM0 .RAM0. RAM0.*)
                0x0000000000019d04                . = ALIGN (0x4)
                [!provide]                        PROVIDE (_alt_partition_RAM0_end, ABSOLUTE (.))
                0x0000000000019d04                _end = ABSOLUTE (.)
                0x0000000000019d04                end = ABSOLUTE (.)
                0x0000000000019d04                __alt_stack_base = ABSOLUTE (.)
                [!provide]                        PROVIDE (_alt_partition_RAM0_load_addr, LOADADDR (.RAM0))

.stab
 *(.stab)

.stabstr
 *(.stabstr)

.stab.excl
 *(.stab.excl)

.stab.exclstr
 *(.stab.exclstr)

.stab.index
 *(.stab.index)

.stab.indexstr
 *(.stab.indexstr)

.comment        0x0000000000000000       0x23
 *(.comment)
 .comment       0x0000000000000000       0x23 obj/default/main.o
                                         0x24 (size before relaxing)
 .comment       0x0000000000000023       0x24 c:/intelfpga/18.1/nios2eds/bin/gnu/h-x86_64-mingw32/bin/../lib/gcc/nios2-elf/5.3.0/mno-hw-mul\libgcc.a(lib2-divmod.o)
 .comment       0x0000000000000023       0x24 c:/intelfpga/18.1/nios2eds/bin/gnu/h-x86_64-mingw32/bin/../lib/gcc/nios2-elf/5.3.0/mno-hw-mul\libgcc.a(muldf3.o)
 .comment       0x0000000000000023       0x24 c:/intelfpga/18.1/nios2eds/bin/gnu/h-x86_64-mingw32/bin/../lib/gcc/nios2-elf/5.3.0/mno-hw-mul\libgcc.a(fixdfsi.o)
 .comment       0x0000000000000023       0x24 c:/intelfpga/18.1/nios2eds/bin/gnu/h-x86_64-mingw32/bin/../lib/gcc/nios2-elf/5.3.0/mno-hw-mul\libgcc.a(floatsidf.o)
 .comment       0x0000000000000023       0x24 c:/intelfpga/18.1/nios2eds/bin/gnu/h-x86_64-mingw32/bin/../lib/gcc/nios2-elf/5.3.0/mno-hw-mul\libgcc.a(_clzsi2.o)
 .comment       0x0000000000000023       0x24 c:/intelfpga/18.1/nios2eds/bin/gnu/h-x86_64-mingw32/bin/../lib/gcc/nios2-elf/5.3.0/mno-hw-mul\libgcc.a(lib2-mul.o)
 .comment       0x0000000000000023       0x24 c:/intelfpga/18.1/nios2eds/bin/gnu/h-x86_64-mingw32/bin/../lib/gcc/nios2-elf/5.3.0/mno-hw-mul\libgcc.a(_clz.o)
 .comment       0x0000000000000023       0x24 C:/Users/mulahmer/Desktop/project_mustapha/software/bsp\libhal_bsp.a(alt_irq_register.o)
 .comment       0x0000000000000023       0x24 C:/Users/mulahmer/Desktop/project_mustapha/software/bsp\libhal_bsp.a(alt_irq_vars.o)
 .comment       0x0000000000000023       0x24 C:/Users/mulahmer/Desktop/project_mustapha/software/bsp\libhal_bsp.a(alt_load.o)
 .comment       0x0000000000000023       0x24 C:/Users/mulahmer/Desktop/project_mustapha/software/bsp\libhal_bsp.a(alt_main.o)
 .comment       0x0000000000000023       0x24 C:/Users/mulahmer/Desktop/project_mustapha/software/bsp\libhal_bsp.a(alt_printf.o)
 .comment       0x0000000000000023       0x24 C:/Users/mulahmer/Desktop/project_mustapha/software/bsp\libhal_bsp.a(alt_putchar.o)
 .comment       0x0000000000000023       0x24 C:/Users/mulahmer/Desktop/project_mustapha/software/bsp\libhal_bsp.a(alt_usleep.o)
 .comment       0x0000000000000023       0x24 C:/Users/mulahmer/Desktop/project_mustapha/software/bsp\libhal_bsp.a(alt_sys_init.o)
 .comment       0x0000000000000023       0x24 C:/Users/mulahmer/Desktop/project_mustapha/software/bsp\libhal_bsp.a(altera_avalon_jtag_uart_fd.o)
 .comment       0x0000000000000023       0x24 C:/Users/mulahmer/Desktop/project_mustapha/software/bsp\libhal_bsp.a(altera_avalon_jtag_uart_init.o)
 .comment       0x0000000000000023       0x24 C:/Users/mulahmer/Desktop/project_mustapha/software/bsp\libhal_bsp.a(altera_avalon_jtag_uart_ioctl.o)
 .comment       0x0000000000000023       0x24 C:/Users/mulahmer/Desktop/project_mustapha/software/bsp\libhal_bsp.a(altera_avalon_jtag_uart_read.o)
 .comment       0x0000000000000023       0x24 C:/Users/mulahmer/Desktop/project_mustapha/software/bsp\libhal_bsp.a(altera_avalon_jtag_uart_write.o)
 .comment       0x0000000000000023       0x24 C:/Users/mulahmer/Desktop/project_mustapha/software/bsp\libhal_bsp.a(altera_avalon_timer_sc.o)
 .comment       0x0000000000000023       0x24 C:/Users/mulahmer/Desktop/project_mustapha/software/bsp\libhal_bsp.a(opencores_i2c.o)
 .comment       0x0000000000000023       0x24 C:/Users/mulahmer/Desktop/project_mustapha/software/bsp\libhal_bsp.a(alt_alarm_start.o)
 .comment       0x0000000000000023       0x24 C:/Users/mulahmer/Desktop/project_mustapha/software/bsp\libhal_bsp.a(alt_busy_sleep.o)
 .comment       0x0000000000000023       0x24 C:/Users/mulahmer/Desktop/project_mustapha/software/bsp\libhal_bsp.a(alt_close.o)
 .comment       0x0000000000000023       0x24 C:/Users/mulahmer/Desktop/project_mustapha/software/bsp\libhal_bsp.a(alt_dcache_flush_all.o)
 .comment       0x0000000000000023       0x24 C:/Users/mulahmer/Desktop/project_mustapha/software/bsp\libhal_bsp.a(alt_dev.o)
 .comment       0x0000000000000023       0x24 C:/Users/mulahmer/Desktop/project_mustapha/software/bsp\libhal_bsp.a(alt_dev_llist_insert.o)
 .comment       0x0000000000000023       0x24 C:/Users/mulahmer/Desktop/project_mustapha/software/bsp\libhal_bsp.a(alt_do_ctors.o)
 .comment       0x0000000000000023       0x24 C:/Users/mulahmer/Desktop/project_mustapha/software/bsp\libhal_bsp.a(alt_do_dtors.o)
 .comment       0x0000000000000023       0x24 C:/Users/mulahmer/Desktop/project_mustapha/software/bsp\libhal_bsp.a(alt_errno.o)
 .comment       0x0000000000000023       0x24 C:/Users/mulahmer/Desktop/project_mustapha/software/bsp\libhal_bsp.a(alt_icache_flush_all.o)
 .comment       0x0000000000000023       0x24 C:/Users/mulahmer/Desktop/project_mustapha/software/bsp\libhal_bsp.a(alt_io_redirect.o)
 .comment       0x0000000000000023       0x24 C:/Users/mulahmer/Desktop/project_mustapha/software/bsp\libhal_bsp.a(alt_irq_handler.o)
 .comment       0x0000000000000023       0x24 C:/Users/mulahmer/Desktop/project_mustapha/software/bsp\libhal_bsp.a(alt_open.o)
 .comment       0x0000000000000023       0x24 C:/Users/mulahmer/Desktop/project_mustapha/software/bsp\libhal_bsp.a(alt_release_fd.o)
 .comment       0x0000000000000023       0x24 C:/Users/mulahmer/Desktop/project_mustapha/software/bsp\libhal_bsp.a(alt_tick.o)
 .comment       0x0000000000000023       0x24 C:/Users/mulahmer/Desktop/project_mustapha/software/bsp\libhal_bsp.a(altera_nios2_gen2_irq.o)
 .comment       0x0000000000000023       0x24 C:/Users/mulahmer/Desktop/project_mustapha/software/bsp\libhal_bsp.a(alt_find_dev.o)
 .comment       0x0000000000000023       0x24 C:/Users/mulahmer/Desktop/project_mustapha/software/bsp\libhal_bsp.a(alt_find_file.o)
 .comment       0x0000000000000023       0x24 C:/Users/mulahmer/Desktop/project_mustapha/software/bsp\libhal_bsp.a(alt_get_fd.o)
 .comment       0x0000000000000023       0x24 C:/Users/mulahmer/Desktop/project_mustapha/software/bsp\libhal_bsp.a(alt_instruction_exception_entry.o)
 .comment       0x0000000000000023       0x24 c:/intelfpga/18.1/nios2eds/bin/gnu/h-x86_64-mingw32/bin/../lib/gcc/nios2-elf/5.3.0/../../../../../H-x86_64-mingw32/nios2-elf/lib/mno-hw-mul\libc.a(lib_a-atexit.o)
 .comment       0x0000000000000023       0x24 c:/intelfpga/18.1/nios2eds/bin/gnu/h-x86_64-mingw32/bin/../lib/gcc/nios2-elf/5.3.0/../../../../../H-x86_64-mingw32/nios2-elf/lib/mno-hw-mul\libc.a(lib_a-exit.o)
 .comment       0x0000000000000023       0x24 c:/intelfpga/18.1/nios2eds/bin/gnu/h-x86_64-mingw32/bin/../lib/gcc/nios2-elf/5.3.0/../../../../../H-x86_64-mingw32/nios2-elf/lib/mno-hw-mul\libc.a(lib_a-impure.o)
 .comment       0x0000000000000023       0x24 c:/intelfpga/18.1/nios2eds/bin/gnu/h-x86_64-mingw32/bin/../lib/gcc/nios2-elf/5.3.0/../../../../../H-x86_64-mingw32/nios2-elf/lib/mno-hw-mul\libc.a(lib_a-int_errno.o)
 .comment       0x0000000000000023       0x24 c:/intelfpga/18.1/nios2eds/bin/gnu/h-x86_64-mingw32/bin/../lib/gcc/nios2-elf/5.3.0/../../../../../H-x86_64-mingw32/nios2-elf/lib/mno-hw-mul\libc.a(lib_a-memcmp.o)
 .comment       0x0000000000000023       0x24 c:/intelfpga/18.1/nios2eds/bin/gnu/h-x86_64-mingw32/bin/../lib/gcc/nios2-elf/5.3.0/../../../../../H-x86_64-mingw32/nios2-elf/lib/mno-hw-mul\libc.a(lib_a-memcpy.o)
 .comment       0x0000000000000023       0x24 c:/intelfpga/18.1/nios2eds/bin/gnu/h-x86_64-mingw32/bin/../lib/gcc/nios2-elf/5.3.0/../../../../../H-x86_64-mingw32/nios2-elf/lib/mno-hw-mul\libc.a(lib_a-putc.o)
 .comment       0x0000000000000023       0x24 c:/intelfpga/18.1/nios2eds/bin/gnu/h-x86_64-mingw32/bin/../lib/gcc/nios2-elf/5.3.0/../../../../../H-x86_64-mingw32/nios2-elf/lib/mno-hw-mul\libc.a(lib_a-strlen.o)
 .comment       0x0000000000000023       0x24 c:/intelfpga/18.1/nios2eds/bin/gnu/h-x86_64-mingw32/bin/../lib/gcc/nios2-elf/5.3.0/../../../../../H-x86_64-mingw32/nios2-elf/lib/mno-hw-mul\libc.a(lib_a-wbuf.o)
 .comment       0x0000000000000023       0x24 c:/intelfpga/18.1/nios2eds/bin/gnu/h-x86_64-mingw32/bin/../lib/gcc/nios2-elf/5.3.0/../../../../../H-x86_64-mingw32/nios2-elf/lib/mno-hw-mul\libc.a(lib_a-wsetup.o)
 .comment       0x0000000000000023       0x24 c:/intelfpga/18.1/nios2eds/bin/gnu/h-x86_64-mingw32/bin/../lib/gcc/nios2-elf/5.3.0/../../../../../H-x86_64-mingw32/nios2-elf/lib/mno-hw-mul\libc.a(lib_a-__atexit.o)
 .comment       0x0000000000000023       0x24 c:/intelfpga/18.1/nios2eds/bin/gnu/h-x86_64-mingw32/bin/../lib/gcc/nios2-elf/5.3.0/../../../../../H-x86_64-mingw32/nios2-elf/lib/mno-hw-mul\libc.a(lib_a-__call_atexit.o)
 .comment       0x0000000000000023       0x24 c:/intelfpga/18.1/nios2eds/bin/gnu/h-x86_64-mingw32/bin/../lib/gcc/nios2-elf/5.3.0/../../../../../H-x86_64-mingw32/nios2-elf/lib/mno-hw-mul\libc.a(lib_a-fflush.o)
 .comment       0x0000000000000023       0x24 c:/intelfpga/18.1/nios2eds/bin/gnu/h-x86_64-mingw32/bin/../lib/gcc/nios2-elf/5.3.0/../../../../../H-x86_64-mingw32/nios2-elf/lib/mno-hw-mul\libc.a(lib_a-findfp.o)
 .comment       0x0000000000000023       0x24 c:/intelfpga/18.1/nios2eds/bin/gnu/h-x86_64-mingw32/bin/../lib/gcc/nios2-elf/5.3.0/../../../../../H-x86_64-mingw32/nios2-elf/lib/mno-hw-mul\libc.a(lib_a-freer.o)
 .comment       0x0000000000000023       0x24 c:/intelfpga/18.1/nios2eds/bin/gnu/h-x86_64-mingw32/bin/../lib/gcc/nios2-elf/5.3.0/../../../../../H-x86_64-mingw32/nios2-elf/lib/mno-hw-mul\libc.a(lib_a-fwalk.o)
 .comment       0x0000000000000023       0x24 c:/intelfpga/18.1/nios2eds/bin/gnu/h-x86_64-mingw32/bin/../lib/gcc/nios2-elf/5.3.0/../../../../../H-x86_64-mingw32/nios2-elf/lib/mno-hw-mul\libc.a(lib_a-makebuf.o)
 .comment       0x0000000000000023       0x24 c:/intelfpga/18.1/nios2eds/bin/gnu/h-x86_64-mingw32/bin/../lib/gcc/nios2-elf/5.3.0/../../../../../H-x86_64-mingw32/nios2-elf/lib/mno-hw-mul\libc.a(lib_a-mallocr.o)
 .comment       0x0000000000000023       0x24 c:/intelfpga/18.1/nios2eds/bin/gnu/h-x86_64-mingw32/bin/../lib/gcc/nios2-elf/5.3.0/../../../../../H-x86_64-mingw32/nios2-elf/lib/mno-hw-mul\libc.a(lib_a-memset.o)
 .comment       0x0000000000000023       0x24 c:/intelfpga/18.1/nios2eds/bin/gnu/h-x86_64-mingw32/bin/../lib/gcc/nios2-elf/5.3.0/../../../../../H-x86_64-mingw32/nios2-elf/lib/mno-hw-mul\libc.a(lib_a-sbrkr.o)
 .comment       0x0000000000000023       0x24 c:/intelfpga/18.1/nios2eds/bin/gnu/h-x86_64-mingw32/bin/../lib/gcc/nios2-elf/5.3.0/../../../../../H-x86_64-mingw32/nios2-elf/lib/mno-hw-mul\libc.a(lib_a-stdio.o)
 .comment       0x0000000000000023       0x24 c:/intelfpga/18.1/nios2eds/bin/gnu/h-x86_64-mingw32/bin/../lib/gcc/nios2-elf/5.3.0/../../../../../H-x86_64-mingw32/nios2-elf/lib/mno-hw-mul\libc.a(lib_a-writer.o)
 .comment       0x0000000000000023       0x24 c:/intelfpga/18.1/nios2eds/bin/gnu/h-x86_64-mingw32/bin/../lib/gcc/nios2-elf/5.3.0/../../../../../H-x86_64-mingw32/nios2-elf/lib/mno-hw-mul\libc.a(closer.o)
 .comment       0x0000000000000023       0x24 c:/intelfpga/18.1/nios2eds/bin/gnu/h-x86_64-mingw32/bin/../lib/gcc/nios2-elf/5.3.0/../../../../../H-x86_64-mingw32/nios2-elf/lib/mno-hw-mul\libc.a(lib_a-fclose.o)
 .comment       0x0000000000000023       0x24 c:/intelfpga/18.1/nios2eds/bin/gnu/h-x86_64-mingw32/bin/../lib/gcc/nios2-elf/5.3.0/../../../../../H-x86_64-mingw32/nios2-elf/lib/mno-hw-mul\libc.a(lib_a-fstatr.o)
 .comment       0x0000000000000023       0x24 c:/intelfpga/18.1/nios2eds/bin/gnu/h-x86_64-mingw32/bin/../lib/gcc/nios2-elf/5.3.0/../../../../../H-x86_64-mingw32/nios2-elf/lib/mno-hw-mul\libc.a(lib_a-isattyr.o)
 .comment       0x0000000000000023       0x24 c:/intelfpga/18.1/nios2eds/bin/gnu/h-x86_64-mingw32/bin/../lib/gcc/nios2-elf/5.3.0/../../../../../H-x86_64-mingw32/nios2-elf/lib/mno-hw-mul\libc.a(lib_a-lseekr.o)
 .comment       0x0000000000000023       0x24 c:/intelfpga/18.1/nios2eds/bin/gnu/h-x86_64-mingw32/bin/../lib/gcc/nios2-elf/5.3.0/../../../../../H-x86_64-mingw32/nios2-elf/lib/mno-hw-mul\libc.a(lib_a-readr.o)
 .comment       0x0000000000000023       0x24 C:/Users/mulahmer/Desktop/project_mustapha/software/bsp\libhal_bsp.a(alt_exit.o)
 .comment       0x0000000000000023       0x24 C:/Users/mulahmer/Desktop/project_mustapha/software/bsp\libhal_bsp.a(alt_fstat.o)
 .comment       0x0000000000000023       0x24 C:/Users/mulahmer/Desktop/project_mustapha/software/bsp\libhal_bsp.a(alt_isatty.o)
 .comment       0x0000000000000023       0x24 C:/Users/mulahmer/Desktop/project_mustapha/software/bsp\libhal_bsp.a(alt_lseek.o)
 .comment       0x0000000000000023       0x24 C:/Users/mulahmer/Desktop/project_mustapha/software/bsp\libhal_bsp.a(alt_malloc_lock.o)
 .comment       0x0000000000000023       0x24 C:/Users/mulahmer/Desktop/project_mustapha/software/bsp\libhal_bsp.a(alt_read.o)
 .comment       0x0000000000000023       0x24 C:/Users/mulahmer/Desktop/project_mustapha/software/bsp\libhal_bsp.a(alt_sbrk.o)
 .comment       0x0000000000000023       0x24 C:/Users/mulahmer/Desktop/project_mustapha/software/bsp\libhal_bsp.a(alt_write.o)

.debug
 *(.debug)

.line
 *(.line)

.debug_srcinfo
 *(.debug_srcinfo)

.debug_sfnames
 *(.debug_sfnames)

.debug_aranges  0x0000000000000000      0xaf0
 *(.debug_aranges)
 .debug_aranges
                0x0000000000000000       0x28 C:/Users/mulahmer/Desktop/project_mustapha/software/bsp/obj/HAL/src/crt0.o
 .debug_aranges
                0x0000000000000028       0x20 obj/default/main.o
 .debug_aranges
                0x0000000000000048       0x20 c:/intelfpga/18.1/nios2eds/bin/gnu/h-x86_64-mingw32/bin/../lib/gcc/nios2-elf/5.3.0/mno-hw-mul\libgcc.a(lib2-divmod.o)
 .debug_aranges
                0x0000000000000068       0x20 c:/intelfpga/18.1/nios2eds/bin/gnu/h-x86_64-mingw32/bin/../lib/gcc/nios2-elf/5.3.0/mno-hw-mul\libgcc.a(muldf3.o)
 .debug_aranges
                0x0000000000000088       0x20 c:/intelfpga/18.1/nios2eds/bin/gnu/h-x86_64-mingw32/bin/../lib/gcc/nios2-elf/5.3.0/mno-hw-mul\libgcc.a(fixdfsi.o)
 .debug_aranges
                0x00000000000000a8       0x20 c:/intelfpga/18.1/nios2eds/bin/gnu/h-x86_64-mingw32/bin/../lib/gcc/nios2-elf/5.3.0/mno-hw-mul\libgcc.a(floatsidf.o)
 .debug_aranges
                0x00000000000000c8       0x20 c:/intelfpga/18.1/nios2eds/bin/gnu/h-x86_64-mingw32/bin/../lib/gcc/nios2-elf/5.3.0/mno-hw-mul\libgcc.a(_clzsi2.o)
 .debug_aranges
                0x00000000000000e8       0x20 c:/intelfpga/18.1/nios2eds/bin/gnu/h-x86_64-mingw32/bin/../lib/gcc/nios2-elf/5.3.0/mno-hw-mul\libgcc.a(lib2-mul.o)
 .debug_aranges
                0x0000000000000108       0x18 c:/intelfpga/18.1/nios2eds/bin/gnu/h-x86_64-mingw32/bin/../lib/gcc/nios2-elf/5.3.0/mno-hw-mul\libgcc.a(_clz.o)
 .debug_aranges
                0x0000000000000120       0x20 C:/Users/mulahmer/Desktop/project_mustapha/software/bsp\libhal_bsp.a(alt_irq_register.o)
 .debug_aranges
                0x0000000000000140       0x18 C:/Users/mulahmer/Desktop/project_mustapha/software/bsp\libhal_bsp.a(alt_irq_vars.o)
 .debug_aranges
                0x0000000000000158       0x20 C:/Users/mulahmer/Desktop/project_mustapha/software/bsp\libhal_bsp.a(alt_load.o)
 .debug_aranges
                0x0000000000000178       0x20 C:/Users/mulahmer/Desktop/project_mustapha/software/bsp\libhal_bsp.a(alt_main.o)
 .debug_aranges
                0x0000000000000198       0x20 C:/Users/mulahmer/Desktop/project_mustapha/software/bsp\libhal_bsp.a(alt_printf.o)
 .debug_aranges
                0x00000000000001b8       0x20 C:/Users/mulahmer/Desktop/project_mustapha/software/bsp\libhal_bsp.a(alt_putchar.o)
 .debug_aranges
                0x00000000000001d8       0x20 C:/Users/mulahmer/Desktop/project_mustapha/software/bsp\libhal_bsp.a(alt_usleep.o)
 .debug_aranges
                0x00000000000001f8       0x20 C:/Users/mulahmer/Desktop/project_mustapha/software/bsp\libhal_bsp.a(alt_sys_init.o)
 .debug_aranges
                0x0000000000000218       0x20 C:/Users/mulahmer/Desktop/project_mustapha/software/bsp\libhal_bsp.a(altera_avalon_jtag_uart_fd.o)
 .debug_aranges
                0x0000000000000238       0x20 C:/Users/mulahmer/Desktop/project_mustapha/software/bsp\libhal_bsp.a(altera_avalon_jtag_uart_init.o)
 .debug_aranges
                0x0000000000000258       0x20 C:/Users/mulahmer/Desktop/project_mustapha/software/bsp\libhal_bsp.a(altera_avalon_jtag_uart_ioctl.o)
 .debug_aranges
                0x0000000000000278       0x20 C:/Users/mulahmer/Desktop/project_mustapha/software/bsp\libhal_bsp.a(altera_avalon_jtag_uart_read.o)
 .debug_aranges
                0x0000000000000298       0x20 C:/Users/mulahmer/Desktop/project_mustapha/software/bsp\libhal_bsp.a(altera_avalon_jtag_uart_write.o)
 .debug_aranges
                0x00000000000002b8       0x20 C:/Users/mulahmer/Desktop/project_mustapha/software/bsp\libhal_bsp.a(altera_avalon_timer_sc.o)
 .debug_aranges
                0x00000000000002d8       0x20 C:/Users/mulahmer/Desktop/project_mustapha/software/bsp\libhal_bsp.a(opencores_i2c.o)
 .debug_aranges
                0x00000000000002f8       0x20 C:/Users/mulahmer/Desktop/project_mustapha/software/bsp\libhal_bsp.a(alt_alarm_start.o)
 .debug_aranges
                0x0000000000000318       0x20 C:/Users/mulahmer/Desktop/project_mustapha/software/bsp\libhal_bsp.a(alt_busy_sleep.o)
 .debug_aranges
                0x0000000000000338       0x20 C:/Users/mulahmer/Desktop/project_mustapha/software/bsp\libhal_bsp.a(alt_close.o)
 .debug_aranges
                0x0000000000000358       0x20 C:/Users/mulahmer/Desktop/project_mustapha/software/bsp\libhal_bsp.a(alt_dcache_flush_all.o)
 .debug_aranges
                0x0000000000000378       0x20 C:/Users/mulahmer/Desktop/project_mustapha/software/bsp\libhal_bsp.a(alt_dev.o)
 .debug_aranges
                0x0000000000000398       0x20 C:/Users/mulahmer/Desktop/project_mustapha/software/bsp\libhal_bsp.a(alt_dev_llist_insert.o)
 .debug_aranges
                0x00000000000003b8       0x20 C:/Users/mulahmer/Desktop/project_mustapha/software/bsp\libhal_bsp.a(alt_do_ctors.o)
 .debug_aranges
                0x00000000000003d8       0x20 C:/Users/mulahmer/Desktop/project_mustapha/software/bsp\libhal_bsp.a(alt_do_dtors.o)
 .debug_aranges